09-26 10:09:02.109   299 23353 D QCameraStateMachine: static void* qcamera::QCameraStateMachine::smEvtProcRoutine(void*): X
09-26 10:09:02.110   299 25399 D QCamera2HWI: [KPI Perf] static int qcamera::QCamera2HardwareInterface::close_camera_device(hw_device_t*): X
09-26 10:09:02.110   299 25399 I QCameraHalWatchdog: Stopped Watchdog Thread...
09-26 10:09:02.112   336 23475 E mm-camera-CORE: mot_af_deinit: E
09-26 10:09:02.113   299 25399 I CameraService: onTorchStatusChangedLocked: Torch status changed for cameraId=0, newStatus=1
09-26 10:09:02.114   299 25399 I CameraService: onTorchStatusChangedLocked: Torch status changed for cameraId=0, newStatus=1
09-26 10:09:02.115   299 25399 I CameraService: disconnect: Disconnected client for camera 0 for PID 23329
09-26 10:09:02.119   336 23476 D mm-camera: c2d_module_stop_session:435, info: stopping session 2 ...
09-26 10:09:02.119   336 23375 D mm-camera: c2d_thread_process_pipe_message:737, C2D_THREAD_MSG_ABORT: c2d_thread exiting..
09-26 10:09:02.120   336 23476 D mm-camera: c2d_module_stop_session:479, info: session 2 stopped.
09-26 10:09:02.122   299   299 D NuPlayerDriver: reset(0xb8c71be8)
09-26 10:09:02.122   299   299 D NuPlayerDriver: notifyListener_l(0xb8c71be8), (8, 0, 0)
09-26 10:09:02.123   336   336 E mm-camera: mct_pipeline_stop_session: left modules: 7
09-26 10:09:02.123   336   336 E mm-camera: mct_pipeline_stop_session: left modules: 6
09-26 10:09:02.123   336   336 E mm-camera: mct_pipeline_stop_session: left modules: 5
09-26 10:09:02.123   336   336 E mm-camera: mct_pipeline_stop_session: left modules: 4
09-26 10:09:02.123   336   336 E mm-camera: mct_pipeline_stop_session: left modules: 3
09-26 10:09:02.123   336   336 E mm-camera: mct_pipeline_stop_session: left modules: 2
09-26 10:09:02.123   336   336 E mm-camera: mct_pipeline_stop_session: left modules: 1
09-26 10:09:02.134   299 23349 D NuPlayerDriver: notifyResetComplete(0xb8c71be8)
09-26 10:09:02.138   299   299 D NuPlayerDriver: reset(0xb8c8d628)
09-26 10:09:02.138   299   299 D NuPlayerDriver: notifyListener_l(0xb8c8d628), (8, 0, 0)
09-26 10:09:02.139   299 23351 D NuPlayerDriver: notifyResetComplete(0xb8c8d628)
09-26 10:09:02.139   299   299 E CameraService: disconnect: Disconnect called on already disconnected client for device 0
09-26 10:09:02.155  4476  4476 V QSTileView: setDual true
09-26 10:09:02.155  4476  4476 V QSTileView: setDual true
09-26 10:09:02.155  4476  4476 V QSTileView: setDual false
09-26 10:09:02.155  4476  4476 V QSTileView: setDual false
09-26 10:09:02.155  4476  4476 V QSTileView: setDual false
09-26 10:09:02.155  4476  4476 V QSTileView: setDual false
09-26 10:09:02.155  4476  4476 V QSTileView: setDual false
09-26 10:09:02.155  4476  4476 V QSTileView: setDual false
09-26 10:09:02.155  4476  4476 V QSTileView: setDual false
09-26 10:09:02.159   336 23381 E mm-camera: Got some events
09-26 10:09:02.159   336   336 E mm-camera: mct_pipeline_stop_session: left modules: 0
09-26 10:09:02.168  4476  4476 V QSTileView: setDual false
09-26 10:09:02.168  4476  4476 V QSTileView: setDual false
09-26 10:09:02.168  4476  4476 V QSTileView: setDual false
09-26 10:09:02.217   299   991 D audio_hw_primary: out_standby: enter: stream (0xb8b39308) usecase(1: low-latency-playback)
09-26 10:09:02.222 31195 31232 I Adreno-EGL: <qeglDrvAPI_eglInitialize:379>: EGL 1.4 QUALCOMM build:  (I14a17c7611)
09-26 10:09:02.222 31195 31232 I Adreno-EGL: OpenGL ES Shader Compiler Version: XE031.06.00.02
09-26 10:09:02.222 31195 31232 I Adreno-EGL: Build Date: 12/04/15 Fri
09-26 10:09:02.222 31195 31232 I Adreno-EGL: Local Branch: workspace
09-26 10:09:02.222 31195 31232 I Adreno-EGL: Remote Branch: 
09-26 10:09:02.222 31195 31232 I Adreno-EGL: Local Patches: 
09-26 10:09:02.222 31195 31232 I Adreno-EGL: Reconstruct Branch: 
09-26 10:09:02.222 31195 31232 I OpenGLRenderer: Initialized EGL, version 1.4
09-26 10:09:02.244  2523 16903 I OpenGLRenderer: Initialized EGL, version 1.4
09-26 10:09:02.298 23458 23458 W System  : ClassLoader referenced unknown path: /system/priv-app/GoogleServicesFramework/lib/arm
09-26 10:09:02.308   279   279 I SFPerfTracer:      triggers: (rate: 1556:32856) (compose: 0:235) (post: 0:1963) (render: 6:716) (2:447245 frames) (3:496566)
09-26 10:09:02.308   279   279 D SFPerfTracer:        layers: (2:13) (FocusedStackFrame (0xb89f42c8): 1:2321)* (DimLayer (0xb89f6e08): 0:158)* (DimLayer (0xb89941c0): 0:8)* (StatusBar (0xb8998b48): 0:47464)* (com.android.systemui.ImageWallpaper (0xb8a217e8): 0:476)* (DimLayer (0xb89ba958): 0:1041)* (DimLayer (0xb8a2d8a0): 0:315)* (NavigationBar (0xb8a3f548): 0:34) (com.google.android.googlequicksearchbox/com.google.android.launcher.GEL (0xb8a33b08): 0:25)- (Starting org.tensorflow.demo (0xb8a3b430): 0:37)- (org.tensorflow.demo/org.tensorflow.demo.CameraActivity (0xb8a33b08): 0:32) (com.google.android.googlequicksearchbox/com.google.android.launcher.GEL (0xb8a36c50): 3:4)* (Application Error: org.tensorflow.demo (0xb8a37f18): 3:4)* 
09-26 10:09:02.317   299   991 D hardware_info: hw_info_append_hw_type : device_name = speaker
09-26 10:09:02.324 23458 23458 I GservicesProvider: Gservices pushing to system: true; secure/global: true
09-26 10:09:02.353  2523  2540 I ActivityManager: Start proc 23482:com.whatsapp/u0a117 for service com.whatsapp/.messaging.MessageService
09-26 10:09:02.467  2523  2540 W ActivityManager: Activity pause timeout for ActivityRecord{5292cbb u0 org.tensorflow.demo/.CameraActivity t627 f}
09-26 10:09:02.525 23458 23458 I GoogleHttpClient: GMS http client unavailable, use old client
09-26 10:09:02.601  2523  4407 I AccountManagerService: getTypesVisibleToCaller: isPermitted? true
09-26 10:09:02.649 23482 23491 W art     : Suspending all threads took: 5.015ms
09-26 10:09:02.925 23482 23482 I WhatsApp: LL_I D [1:main]SourceFile:26 message_handler/logged_flag/must_reconnect initialize to true
09-26 10:09:02.925 23482 23482 I WhatsApp: LL_I D [1:main]SourceFile:26 message_handler/logged_flag/must_ignore_network_once initialize to false
09-26 10:09:02.926 23482 23482 I WhatsApp: LL_I D [1:main]SourceFile:26 message_handler/logged_flag/disconnected initialize to true
09-26 10:09:02.927 23482 23482 I WhatsApp: LL_I D [1:main]SourceFile:132 xmpp/handler/create
09-26 10:09:02.978 23482 23482 I WhatsApp: LL_I D [1:main]SourceFile:67 ContactsSyncAdapter/created
09-26 10:09:03.015  2523  5841 I ActivityManager: Process com.google.process.gapps (pid 23458) has died
09-26 10:09:03.034 23482 23482 I WhatsApp: LL_I D [1:main]SourceFile:2992 application launched in background: false
09-26 10:09:03.068 23482 23482 I WhatsApp: LL_I D [1:main]SourceFile:3625 ntp update processed; device time: Mon Sep 26 10:09:03 GMT-03:00 2016 ntp time: Mon Sep 26 10:09:03 GMT-03:00 2016
09-26 10:09:03.080 23482 23482 I WhatsApp: LL_I W [1:main]SourceFile:89 updating cached dimensions from file
09-26 10:09:03.083  2523 27514 D GraphicsStats: Buffer count: 7
09-26 10:09:03.083  2523  5187 I WindowState: WIN DEATH: Window{9835b25 u0 org.tensorflow.demo/org.tensorflow.demo.CameraActivity}
09-26 10:09:03.086  2523  5203 I ActivityManager: Process org.tensorflow.demo (pid 23329) has died
09-26 10:09:03.106 23482 23482 I WhatsApp: LL_I W [1:main]SourceFile:92 cached dimensions read; dimensionDoubleMap.size()=179; dimensionStringMap.size()=23
09-26 10:09:03.107  2523 16903 E Surface : getSlotFromBufferLocked: unknown buffer: 0xb833d480
09-26 10:09:03.116 23482 23482 D Event   : No subscribers registered for event class com.whatsapp.g.k
09-26 10:09:03.116 23482 23482 D Event   : No subscribers registered for event class b.a.a.h
09-26 10:09:03.130 23482 23482 I WhatsApp: LL_I W [1:main]SourceFile:77 whatsapplocale/loadandapplyforcedlanguage/no language to load
09-26 10:09:03.133  2523  8231 W InputMethodManagerService: Got RemoteException sending setActive(false) notification to pid 23329 uid 10218
09-26 10:09:03.239 23482 23482 I WhatsApp: LL_I W [1:main]Runtime.java:435 10:09:03.237 os_core_unix.c !pjlib 2.2.1 for POSIX initialized
09-26 10:09:03.242 23482 23482 I WhatsApp: LL_I W [1:main]Runtime.java:435 10:09:03.241      wa_call.c !init_media_endpt_and_codecs Enter
09-26 10:09:03.243 23482 23482 I WhatsApp: LL_I W [1:main]Runtime.java:435 10:09:03.242 wa_audio_dev.c  WA Audio sound library initialized
09-26 10:09:03.243 23482 23482 I WhatsApp: LL_I W [1:main]Runtime.java:435 10:09:03.243          pjlib  select() I/O Queue created (0xb824c2b4)
09-26 10:09:03.245 23482 23482 I WhatsApp: LL_I W [1:main]Runtime.java:435 10:09:03.243      wa_call.c  pjmedia_endpt_create = 0
09-26 10:09:03.245 23482 23482 I WhatsApp: LL_I W [1:main]Runtime.java:435 10:09:03.245      wa_opus.c  pjmedia_codec_opus_init start
09-26 10:09:03.246 23482 23482 I WhatsApp: LL_I W [1:main]Runtime.java:435 10:09:03.245      wa_opus.c  pjmedia_codec_opus_init success
09-26 10:09:03.246 23482 23482 I WhatsApp: LL_I W [1:main]Runtime.java:435 10:09:03.246      wa_call.c  init_audio_codecs = 0
09-26 10:09:03.246 23482 23482 I WhatsApp: LL_I W [1:main]Runtime.java:435 10:09:03.246      wa_call.c  init_media_endpt_and_codecs Exit
09-26 10:09:03.262 23482 23482 I WhatsApp: LL_I W [1:main]SourceFile:142 native library usability testing in progress
09-26 10:09:03.263 23482 23482 I WhatsApp: LL_I W [1:main]SourceFile:142 native library usability testing complete
09-26 10:09:03.265 23482 23482 I WhatsApp: LL_I W [1:main]SourceFile:153 jniVersion: 2.16.275
09-26 10:09:03.267 23482 23482 I WhatsApp: LL_I W [1:main]SourceFile:170 isLibraryUsable: True
09-26 10:09:03.293  2523  2545 W AppOps  : Finishing op nesting under-run: uid 1000 pkg android code 24 time=0 duration=0 nesting=0
09-26 10:09:03.373 23525 23525 W ps      : type=1400 audit(0.0:32744): avc: denied { getattr } for uid=10117 path="/proc/1" dev="proc" ino=1252735 scontext=u:r:untrusted_app:s0:c512,c768 tcontext=u:r:init:s0 tclass=dir permissive=0
09-26 10:09:03.373 23525 23525 W ps      : type=1400 audit(0.0:32745): avc: denied { search } for uid=10117 name="1" dev="proc" ino=1252735 scontext=u:r:untrusted_app:s0:c512,c768 tcontext=u:r:init:s0 tclass=dir permissive=0
09-26 10:09:03.373 23525 23525 W ps      : type=1400 audit(0.0:32746): avc: denied { search } for uid=10117 name="1" dev="proc" ino=1252735 scontext=u:r:untrusted_app:s0:c512,c768 tcontext=u:r:init:s0 tclass=dir permissive=0
09-26 10:09:03.373 23525 23525 W ps      : type=1400 audit(0.0:32747): avc: denied { getattr } for uid=10117 path="/proc/2" dev="proc" ino=1253588 scontext=u:r:untrusted_app:s0:c512,c768 tcontext=u:r:kernel:s0 tclass=dir permissive=0
09-26 10:09:03.373 23525 23525 W ps      : type=1400 audit(0.0:32748): avc: denied { search } for uid=10117 name="2" dev="proc" ino=1253588 scontext=u:r:untrusted_app:s0:c512,c768 tcontext=u:r:kernel:s0 tclass=dir permissive=0
09-26 10:09:03.373 23525 23525 W ps      : type=1400 audit(0.0:32749): avc: denied { search } for uid=10117 name="2" dev="proc" ino=1253588 scontext=u:r:untrusted_app:s0:c512,c768 tcontext=u:r:kernel:s0 tclass=dir permissive=0
09-26 10:09:03.373 23525 23525 W ps      : type=1400 audit(0.0:32750): avc: denied { getattr } for uid=10117 path="/proc/3" dev="proc" ino=1253589 scontext=u:r:untrusted_app:s0:c512,c768 tcontext=u:r:kernel:s0 tclass=dir permissive=0
09-26 10:09:03.373 23525 23525 W ps      : type=1400 audit(0.0:32751): avc: denied { search } for uid=10117 name="3" dev="proc" ino=1253589 scontext=u:r:untrusted_app:s0:c512,c768 tcontext=u:r:kernel:s0 tclass=dir permissive=0
09-26 10:09:03.373 23525 23525 W ps      : type=1400 audit(0.0:32752): avc: denied { search } for uid=10117 name="3" dev="proc" ino=1253589 scontext=u:r:untrusted_app:s0:c512,c768 tcontext=u:r:kernel:s0 tclass=dir permissive=0
09-26 10:09:03.373 23525 23525 W ps      : type=1400 audit(0.0:32753): avc: denied { getattr } for uid=10117 path="/proc/5" dev="proc" ino=1253590 scontext=u:r:untrusted_app:s0:c512,c768 tcontext=u:r:kernel:s0 tclass=dir permissive=0
09-26 10:09:03.373 23525 23525 W ps      : type=1400 audit(0.0:32754): avc: denied { search } for uid=10117 name="5" dev="proc" ino=1253590 scontext=u:r:untrusted_app:s0:c512,c768 tcontext=u:r:kernel:s0 tclass=dir permissive=0
09-26 10:09:03.373 23525 23525 W ps      : type=1400 audit(0.0:32755): avc: denied { search } for uid=10117 name="5" dev="proc" ino=1253590 scontext=u:r:untrusted_app:s0:c512,c768 tcontext=u:r:kernel:s0 tclass=dir permissive=0
09-26 10:09:03.373 23525 23525 W ps      : type=1400 audit(0.0:32756): avc: denied { getattr } for uid=10117 path="/proc/6" dev="proc" ino=1253591 scontext=u:r:untrusted_app:s0:c512,c768 tcontext=u:r:kernel:s0 tclass=dir permissive=0
09-26 10:09:03.373 23525 23525 W ps      : type=1400 audit(0.0:32757): avc: denied { search } for uid=10117 name="6" dev="proc" ino=1253591 scontext=u:r:untrusted_app:s0:c512,c768 tcontext=u:r:kernel:s0 tclass=dir permissive=0
09-26 10:09:03.373 23525 23525 W ps      : type=1400 audit(0.0:32758): avc: denied { search } for uid=10117 name="6" dev="proc" ino=1253591 scontext=u:r:untrusted_app:s0:c512,c768 tcontext=u:r:kernel:s0 tclass=dir permissive=0
09-26 10:09:03.373 23525 23525 W ps      : type=1400 audit(0.0:32759): avc: denied { getattr } for uid=10117 path="/proc/7" dev="proc" ino=1253592 scontext=u:r:untrusted_app:s0:c512,c768 tcontext=u:r:kernel:s0 tclass=dir permissive=0
09-26 10:09:03.373 23525 23525 W ps      : type=1400 audit(0.0:32760): avc: denied { search } for uid=10117 name="7" dev="proc" ino=1253592 scontext=u:r:untrusted_app:s0:c512,c768 tcontext=u:r:kernel:s0 tclass=dir permissive=0
09-26 10:09:03.373 23525 23525 W ps      : type=1400 audit(0.0:32761): avc: denied { search } for uid=10117 name="7" dev="proc" ino=1253592 scontext=u:r:untrusted_app:s0:c512,c768 tcontext=u:r:kernel:s0 tclass=dir permissive=0
09-26 10:09:03.373 23525 23525 W ps      : type=1400 audit(0.0:32762): avc: denied { getattr } for uid=10117 path="/proc/8" dev="proc" ino=1253593 scontext=u:r:untrusted_app:s0:c512,c768 tcontext=u:r:kernel:s0 tclass=dir permissive=0
09-26 10:09:03.373 23525 23525 W ps      : type=1400 audit(0.0:32763): avc: denied { search } for uid=10117 name="8" dev="proc" ino=1253593 scontext=u:r:untrusted_app:s0:c512,c768 tcontext=u:r:kernel:s0 tclass=dir permissive=0
09-26 10:09:03.500  4476  4476 D TaskResourceLoader: getTaskDescriptionIcon begin: iconBitmap = null ,iconFilename = null
09-26 10:09:03.500  4476  4476 D TaskResourceLoader: getTaskDescriptionIcon end
09-26 10:09:03.500  4476  4476 D SystemServicesProxy: getThumbnail begin: taskId = 627
09-26 10:09:03.501  4476  4476 D SystemServicesProxy: getThumbnail end: taskId = 627
09-26 10:09:03.818 29762 29762 I DownloadManagerWrapper: onReceive() : Charging = true
09-26 10:09:04.490  2523 16143 I ActivityManager: Start proc 23550:android.process.acore/u0a6 for content provider com.android.providers.contacts/.ContactsProvider2
