--------- beginning of main
09-26 10:08:49.180  4476  4875 I NetworkController.MotorolaMobileSignalController(1): MotorolaMobilePhoneStateListener.onSignalStrengthsChanged: Entered: signalStrength=SignalStrength: 99 0 -120 -160 -120 -1 -1 31 -75 -7 298 2147483647 2147483647 gsm|lte level=4
09-26 10:08:49.623  2523 10045 D NetlinkSocketObserver: NeighborEvent{elapsedMs=69309039, 192.168.1.150, [00101831360C], RTM_NEWNEIGH, NUD_STALE}
09-26 10:08:50.586 19876 19876 W CycledLeScannerForLollipop: Failed to make new Android L scanner
09-26 10:08:51.182 23308 23308 E NEW_BHD : Battery Power Supply logging Daemon start!!!!!
09-26 10:08:51.184 23308 23308 E NEW_BHD : Cannot run on production devices!
--------- beginning of system
09-26 10:08:54.054  2523  4310 V AlarmManager: sending alarm {ee8f54a type 2 *walarm*:com.whatsapp.alarm.WEB_RENOTIFY}
09-26 10:08:54.065  2523  2523 V AlarmManager: done {ee8f54a, *walarm*:com.whatsapp.alarm.WEB_RENOTIFY} [11ms]
09-26 10:08:54.219  4476  4476 D PhoneStatusBar: disable: < expand ICONS* alerts SYSTEM_INFO* back home recent clock search quick_settings >
09-26 10:08:54.308  4476  4476 V QSTileView: setDual true
09-26 10:08:54.308  4476  4476 V QSTileView: setDual true
09-26 10:08:54.308  4476  4476 V QSTileView: setDual false
09-26 10:08:54.308  4476  4476 V QSTileView: setDual false
09-26 10:08:54.308  4476  4476 V QSTileView: setDual false
09-26 10:08:54.308  4476  4476 V QSTileView: setDual false
09-26 10:08:54.308  4476  4476 V QSTileView: setDual false
09-26 10:08:54.308  4476  4476 V QSTileView: setDual false
09-26 10:08:54.308  4476  4476 V QSTileView: setDual false
09-26 10:08:54.308  4476  4476 V QSTileView: setDual false
09-26 10:08:54.308  4476  4476 V QSTileView: setDual false
09-26 10:08:54.308  4476  4476 V QSTileView: setDual false
09-26 10:08:55.529  4476  4875 I NetworkController.MotorolaMobileSignalController(1): MotorolaMobilePhoneStateListener.onSignalStrengthsChanged: Entered: signalStrength=SignalStrength: 99 0 -120 -160 -120 -1 -1 31 -75 -7 260 2147483647 2147483647 gsm|lte level=4
09-26 10:08:56.475 23312 23312 E NEW_BHD : Battery Power Supply logging Daemon start!!!!!
09-26 10:08:56.476 23312 23312 E NEW_BHD : Cannot run on production devices!
09-26 10:08:57.245  2523 10045 D NetlinkSocketObserver: NeighborEvent{elapsedMs=69316660, 192.168.1.150, [00101831360C], RTM_NEWNEIGH, NUD_STALE}
09-26 10:08:57.808   279   279 I SFPerfTracer:      triggers: (rate: 1556:32852) (compose: 0:235) (post: 0:1963) (render: 6:716) (0:447173 frames) (1:496464)
09-26 10:08:57.808   279   279 D SFPerfTracer:        layers: (4:9) (FocusedStackFrame (0xb89f42c8): 0:2313)* (DimLayer (0xb89f6e08): 0:158)* (DimLayer (0xb89941c0): 0:8)* (StatusBar (0xb8998b48): 0:47419) (com.android.systemui.ImageWallpaper (0xb8a217e8): 0:475) (DimLayer (0xb89ba958): 0:1041)* (DimLayer (0xb8a2d8a0): 0:315)* (NavigationBar (0xb8a3f548): 0:34) (com.google.android.googlequicksearchbox/com.google.android.launcher.GEL (0xb8a33b08): 0:19) 
09-26 10:08:58.788   279   741 I SFPerfTracer:      triggers: (rate: 2:150) (26834 sw vsyncs) (0 skipped) (0:450189 vsyncs) (1:554739)
09-26 10:08:59.029  2523 27514 I ActivityManager: START u0 {act=android.intent.action.MAIN cat=[android.intent.category.LAUNCHER] flg=0x10200000 cmp=org.tensorflow.demo/.CameraActivity (has extras)} from uid 10052 on display 0
09-26 10:08:59.035   299   991 D audio_hw_primary: out_set_parameters: enter: usecase(1: low-latency-playback) kvpairs: routing=2
09-26 10:08:59.050   299   990 D audio_hw_primary: start_output_stream: enter: stream(0xb8b39308)usecase(1: low-latency-playback) devices(0x2)
09-26 10:08:59.050   299   990 V msm8916_platform: platform_get_output_snd_device: enter: output devices(0x2)
09-26 10:08:59.050   299   990 V msm8916_platform: platform_get_output_snd_device: exit: snd_device(speaker)
09-26 10:08:59.050   299   990 D audio_hw_primary: select_devices: out_snd_device(2: speaker) in_snd_device(0: )
09-26 10:08:59.050   299   990 D hardware_info: hw_info_append_hw_type : device_name = speaker
09-26 10:08:59.053   299   990 W audio_hw_utils: audio_extn_utils_update_stream_app_type_cfg: App type could not be selected. Falling back to default
09-26 10:08:59.055   299   990 I audio_hw_primary: select_devices Selected apptype: 69936
09-26 10:08:59.055   299   990 V msm8916_platform: platform_get_output_snd_device: enter: output devices(0x2)
09-26 10:08:59.055   299   990 V msm8916_platform: platform_get_output_snd_device: exit: snd_device(speaker)
09-26 10:08:59.055   299   990 V msm8916_platform: platform_send_audio_calibration: sending audio calibration for snd_device(2) acdb_id(15)
09-26 10:08:59.055   299   990 D ACDB-LOADER: ACDB -> send_audio_cal, acdb_id = 15, path =  0
09-26 10:08:59.055   299   990 D ACDB-LOADER: ACDB -> send_asm_topology
09-26 10:08:59.055   299   990 D ACDB-LOADER: ACDB -> ACDB_CMD_GET_AUDPROC_STREAM_TOPOLOGY_ID
09-26 10:08:59.055   299   990 D ACDB-LOADER: ACDB -> send_adm_topology
09-26 10:08:59.055   299   990 D ACDB-LOADER: ACDB -> ACDB_CMD_GET_AUDPROC_COMMON_TOPOLOGY_ID
09-26 10:08:59.056   299   990 D ACDB-LOADER: ACDB -> send_audtable
09-26 10:08:59.056   299   990 D ACDB-LOADER: ACDB -> ACDB_CMD_GET_AUDPROC_COMMON_TABLE
09-26 10:08:59.056   299   990 D ACDB-LOADER: ACDB -> AUDIO_SET_AUDPROC_CAL
09-26 10:08:59.056   299   990 D ACDB-LOADER: ACDB -> send_audvoltable
09-26 10:08:59.056   299   990 D ACDB-LOADER: ACDB -> ACDB_CMD_GET_AUDPROC_GAIN_DEP_STEP_TABLE
09-26 10:08:59.056   299   990 D ACDB-LOADER: ACDB -> AUDIO_SET_AUDPROC_VOL_CAL
09-26 10:08:59.056   299   990 D ACDB-LOADER: ACDB -> send_afe_cal
09-26 10:08:59.056   299   990 D ACDB-LOADER: ACDB -> ACDB_CMD_GET_AFE_COMMON_TABLE
09-26 10:08:59.056   299   990 D         : Failed to fetch the lookup information of the device 0000000F 
09-26 10:08:59.056   299   990 D ACDB-LOADER: ACDB -> AUDIO_SET_AFE_CAL
09-26 10:08:59.056   299   990 D ACDB-LOADER: ACDB -> send_hw_delay : acdb_id = 15 path = 0
09-26 10:08:59.056   299   990 D ACDB-LOADER: ACDB -> ACDB_AVSYNC_INFO: ACDB_CMD_GET_DEVICE_PROPERTY
09-26 10:08:59.056   299   990 I audio_hw_utils: audio_extn_utils_send_app_type_cfg app_type 69936, acdb_dev_id 15, sample_rate 48000
09-26 10:08:59.056   299   990 D audio_hw_primary: select_devices: done
09-26 10:08:59.091  2523  2540 I ActivityManager: Start proc 23317:com.google.android.googlequicksearchbox:search/u0a52 for broadcast com.google.android.googlequicksearchbox/com.google.android.apps.gsa.search.core.icingsync.ApplicationLaunchReceiver
09-26 10:08:59.119  2523  5203 I ActivityManager: Start proc 23329:org.tensorflow.demo/u0a218 for activity org.tensorflow.demo/.CameraActivity
09-26 10:08:59.126 23329 23329 I art     : Late-enabling -Xcheck:jni
09-26 10:08:59.246 31195 31232 E Surface : getSlotFromBufferLocked: unknown buffer: 0xb83531f0
09-26 10:08:59.622 23329 23345 D OpenGLRenderer: Use EGL_SWAP_BEHAVIOR_PRESERVED: true
09-26 10:08:59.710 23329 23345 I Adreno-EGL: <qeglDrvAPI_eglInitialize:379>: EGL 1.4 QUALCOMM build:  (I14a17c7611)
09-26 10:08:59.710 23329 23345 I Adreno-EGL: OpenGL ES Shader Compiler Version: XE031.06.00.02
09-26 10:08:59.710 23329 23345 I Adreno-EGL: Build Date: 12/04/15 Fri
09-26 10:08:59.710 23329 23345 I Adreno-EGL: Local Branch: workspace
09-26 10:08:59.710 23329 23345 I Adreno-EGL: Remote Branch: 
09-26 10:08:59.710 23329 23345 I Adreno-EGL: Local Patches: 
09-26 10:08:59.710 23329 23345 I Adreno-EGL: Reconstruct Branch: 
09-26 10:08:59.717 23329 23345 I OpenGLRenderer: Initialized EGL, version 1.4
09-26 10:08:59.791 23329 23329 I CameraManagerGlobal: Connecting to camera service
09-26 10:08:59.819   299   299 I CameraService: getCameraCharacteristics: Switching to HAL1 shim implementation...
09-26 10:08:59.819   299  3374 I CameraService: getCameraCharacteristics: Switching to HAL1 shim implementation...
09-26 10:08:59.893 23329 23340 I art     : Background sticky concurrent mark sweep GC freed 7911(438KB) AllocSpace objects, 0(0B) LOS objects, 22% free, 6MB/9MB, paused 17.294ms total 52.822ms
09-26 10:08:59.915 23329 23329 I tensorflow: CameraConnectionFragment: Adding size: 1280x960
09-26 10:08:59.915 23329 23329 I tensorflow: CameraConnectionFragment: Adding size: 1280x720
09-26 10:08:59.915 23329 23329 I tensorflow: CameraConnectionFragment: Adding size: 960x720
09-26 10:08:59.915 23329 23329 I tensorflow: CameraConnectionFragment: Adding size: 960x540
09-26 10:08:59.915 23329 23329 I tensorflow: CameraConnectionFragment: Adding size: 864x480
09-26 10:08:59.915 23329 23329 I tensorflow: CameraConnectionFragment: Adding size: 720x480
09-26 10:08:59.915 23329 23329 I tensorflow: CameraConnectionFragment: Adding size: 768x432
09-26 10:08:59.915 23329 23329 I tensorflow: CameraConnectionFragment: Adding size: 640x480
09-26 10:08:59.915 23329 23329 I tensorflow: CameraConnectionFragment: Not adding size: 320x240
09-26 10:08:59.915 23329 23329 I tensorflow: CameraConnectionFragment: Not adding size: 176x144
09-26 10:08:59.915 23329 23329 I tensorflow: CameraConnectionFragment: Chosen size: 640x480
09-26 10:08:59.934 23329 23329 I CameraManager: Using legacy camera HAL.
09-26 10:08:59.944   299  3375 I CameraService: CameraService::connect call (PID 23329 "org.tensorflow.demo", camera ID 0) for HAL version default and Camera API version 1
09-26 10:08:59.944   299  3375 I CameraService: onTorchStatusChangedLocked: Torch status changed for cameraId=0, newStatus=0
09-26 10:08:59.945   299  3375 W AudioFlinger: acquireAudioSessionId() unknown client 23329 for session 3305
09-26 10:08:59.952   299  3375 I NuPlayer: setDataSourceAsync(URL suppressed)
09-26 10:08:59.990  4476  4476 V QSTileView: setDual true
09-26 10:08:59.990  4476  4476 V QSTileView: setDual true
09-26 10:08:59.990  4476  4476 V QSTileView: setDual false
09-26 10:08:59.990  4476  4476 V QSTileView: setDual false
09-26 10:08:59.990  4476  4476 V QSTileView: setDual false
09-26 10:08:59.990  4476  4476 V QSTileView: setDual false
09-26 10:08:59.990  4476  4476 V QSTileView: setDual false
09-26 10:08:59.990  4476  4476 V QSTileView: setDual false
09-26 10:08:59.990  4476  4476 V QSTileView: setDual false
09-26 10:08:59.990  4476  4476 V QSTileView: setDual false
09-26 10:08:59.990  4476  4476 V QSTileView: setDual false
09-26 10:08:59.990  4476  4476 V QSTileView: setDual false
09-26 10:09:00.000  2523  4310 V AlarmManager: sending alarm {c7e85ec type 3 *alarm*:android.intent.action.TIME_TICK}
09-26 10:09:00.006   299 23350 D ExtendedUtils: extended extractor not needed, return default
09-26 10:09:00.006   299 23349 D NuPlayerDriver: notifyListener_l(0xb8c71be8), (1, 0, 0)
09-26 10:09:00.006   299  3375 W AudioFlinger: acquireAudioSessionId() unknown client 23329 for session 3306
09-26 10:09:00.008   299  3375 I NuPlayer: setDataSourceAsync(URL suppressed)
09-26 10:09:00.020   299 23352 D ExtendedUtils: extended extractor not needed, return default
09-26 10:09:00.020   299 23351 D NuPlayerDriver: notifyListener_l(0xb8c8d628), (1, 0, 0)
09-26 10:09:00.024   299  3375 I CameraClient: Opening camera 0
09-26 10:09:00.024   299  3375 I QCamera2HWI: static void qcamera::QCamera2HardwareInterface::getLogLevel() gCamHalLogLevel=1
09-26 10:09:00.026   299 23355 D QCamera2HWI: static void* qcamera::QCamera2HardwareInterface::defferedWorkRoutine(void*): start data proc
09-26 10:09:00.026   299 23353 D QCameraStateMachine: static void* qcamera::QCameraStateMachine::smEvtProcRoutine(void*): E
09-26 10:09:00.031   299  3375 D QCamera2HWI: [KPI Perf] int qcamera::QCamera2HardwareInterface::openCamera(hw_device_t**): E PROFILE_OPEN_CAMERA camera id 0
09-26 10:09:00.031   299  3375 I QCameraHalWatchdog: Starting Watchdog Thread...
09-26 10:09:00.031   299  3375 E mm-camera-intf: mm_camera_open: dev name = /dev/video2, cam_idx = 2
09-26 10:09:00.058   336 23363 E mm-camera: module_drsd_start_session:1203] E
09-26 10:09:00.058   336 23362 E mm-camera-img: module_imglib_start_session:1474 ###Img_Loglevel 0
09-26 10:09:00.059   336 23363 E mm-camera: module_drsd_start_session:1224] X rc = 0
09-26 10:09:00.066   336 23359 E mm-camera: isp_tintless_get_version: lib returned version 3.61 err=0
09-26 10:09:00.068   336 23357 I mm-camera-sensor: s5k3m2_open_lib: 3M2 wdr enabled
09-26 10:09:00.123   336 23361 D mm-camera: c2d_module_start_session:345, info: starting session 2
09-26 10:09:00.126   336 23375 D mm-camera: c2d_thread_func:45: c2d_thread entering the polling loop... thread_id is 23375
09-26 10:09:00.137   336 23361 D mm-camera: c2d_module_start_session:419, info: session 2 started.
09-26 10:09:00.170  2523  2523 V AlarmManager: done {c7e85ec, *alarm*:android.intent.action.TIME_TICK} [169ms]
09-26 10:09:00.201  4476  4476 D PhoneStatusBar: disable: < expand icons* alerts system_info* back home recent clock search quick_settings >
09-26 10:09:00.208  4476  4476 V QSTileView: setDual true
09-26 10:09:00.208  4476  4476 V QSTileView: setDual true
09-26 10:09:00.208  4476  4476 V QSTileView: setDual false
09-26 10:09:00.208  4476  4476 V QSTileView: setDual false
09-26 10:09:00.208  4476  4476 V QSTileView: setDual false
09-26 10:09:00.208  4476  4476 V QSTileView: setDual false
09-26 10:09:00.208  4476  4476 V QSTileView: setDual false
09-26 10:09:00.208  4476  4476 V QSTileView: setDual false
09-26 10:09:00.208  4476  4476 V QSTileView: setDual false
09-26 10:09:00.208  4476  4476 V QSTileView: setDual false
09-26 10:09:00.208  4476  4476 V QSTileView: setDual false
09-26 10:09:00.209  4476  4476 V QSTileView: setDual false
09-26 10:09:00.246  4476  4940 E Surface : getSlotFromBufferLocked: unknown buffer: 0xb88d4328
09-26 10:09:00.276   336 23357 I mm-camera-sensor: s5k3m2_check_moto_crc: EEPROM_CRC 2c4 CALC CRC 2c4 CALC Reverse CRC 4b30 matches? 1
09-26 10:09:00.276   336 23357 I mm-camera-sensor: s5k3m2_check_moto_crc: EEPROM_CRC c3de CALC CRC c3de CALC Reverse CRC 4daf matches? 1
09-26 10:09:00.276   336 23357 I mm-camera-sensor: calculate_rg_bg_calib_factors: Final calibration factor RG value: 0.962640 BG Value: 1.066463 GB/GR: 1.005208
09-26 10:09:00.276   336 23357 I mm-camera-sensor: s5k3m2_check_moto_crc: EEPROM_CRC 71f0 CALC CRC 71f0 CALC Reverse CRC 5b40 matches? 1
09-26 10:09:00.276   336 23357 E mm-camera: moto_led_calibration_read_write_led_cal:493 open /pds/camera/ledcal/rear failed (No such file or directory)
09-26 10:09:00.305   336 23357 E mm-camera-sensor: actuator_load_lib:849 name=ak7345, mode=camera
09-26 10:09:00.315   336 23357 E mm-camera-sensor: actuator_load_lib:849 name=ak7345, mode=camcorder
09-26 10:09:00.324   336   336 E hdr     : ConfigHdrFramesTag: module_hdr_lib_query_mod: initial hdr frame count = 3
09-26 10:09:00.324   336   336 E mm-camera: Tuning lib open failed: dlopen failed: library "libmmcamera_tuning.so" not found
09-26 10:09:00.325   299  3375 E mm-camera-intf: mm_camera_open:  opened, break out while loop
09-26 10:09:00.327   299  3375 D QCamera2HWI: int qcamera::QCamera2HardwareInterface::openCamera(): enable_4k2k is 0
09-26 10:09:00.328   299  3375 D mm-jpeg-intf: jpeg_open gMmCameraJpegLogLevel=1
09-26 10:09:00.347   299  3375 E qomx_image_core: OMX_Init:95] Complete 2
09-26 10:09:00.348   299  3375 D QCameraHWI_Mem: void qcamera::QCameraMemory::traceLogAllocStart(size_t, int, const char*) : alloc E count=1 size=1048576
09-26 10:09:00.348   299  3375 E QCameraHWI_Mem: void qcamera::QCameraMemory::traceLogAllocStart(size_t, int, const char*):HeapMemsize 1048576
09-26 10:09:00.348   299  3375 D QCameraHWI_Mem: void qcamera::QCameraMemory::traceLogAllocStart(size_t, int, const char*) : alloc E count=1 size=1048576
09-26 10:09:00.348   299  3375 E QCameraHWI_Mem: void qcamera::QCameraMemory::traceLogAllocStart(size_t, int, const char*):Memsize 1048576
09-26 10:09:00.348   299  3375 D QCameraHWI_Mem: int qcamera::QCameraMemory::alloc(int, size_t, unsigned int) : No memory pool available and So allocate new buffer
09-26 10:09:00.349   299  3375 D QCameraHWI_Mem: static int qcamera::QCameraMemory::allocOneBuffer(qcamera::QCameraMemory::QCameraMemInfo&, unsigned int, size_t, bool) : ION buffer 1 with size 1048576 allocated
09-26 10:09:00.349   299  3375 D QCameraHWI_Mem:  void qcamera::QCameraMemory::traceLogAllocEnd(size_t) : X
09-26 10:09:00.349   299  3375 E QCameraHWI_Mem: void qcamera::QCameraMemory::traceLogAllocEnd(size_t) 1048576
09-26 10:09:00.349   299  3375 D QCameraHWI_Mem:  void qcamera::QCameraMemory::traceLogAllocEnd(size_t) : X
09-26 10:09:00.349   299  3375 E QCameraHWI_Mem: void qcamera::QCameraMemory::traceLogAllocEnd(size_t) 1048576
09-26 10:09:00.349   299  3375 D QCameraHWI_Mem: void qcamera::QCameraMemory::traceLogAllocStart(size_t, int, const char*) : alloc E count=1 size=65544
09-26 10:09:00.349   299  3375 D QCameraHWI_Mem: void qcamera::QCameraMemory::traceLogAllocStart(size_t, int, const char*) : alloc E count=1 size=65544
09-26 10:09:00.349   299  3375 D QCameraHWI_Mem: int qcamera::QCameraMemory::alloc(int, size_t, unsigned int) : No memory pool available and So allocate new buffer
09-26 10:09:00.350   299  3375 D QCameraHWI_Mem: static int qcamera::QCameraMemory::allocOneBuffer(qcamera::QCameraMemory::QCameraMemInfo&, unsigned int, size_t, bool) : ION buffer 1 with size 69632 allocated
09-26 10:09:00.350   299  3375 D QCameraHWI_Mem:  void qcamera::QCameraMemory::traceLogAllocEnd(size_t) : X
09-26 10:09:00.350   299  3375 D QCameraHWI_Mem:  void qcamera::QCameraMemory::traceLogAllocEnd(size_t) : X
09-26 10:09:00.350   299  3375 D QCameraParameters: setBurstStatus: set Mot Burst Status=off (0)
09-26 10:09:00.350   299  3375 D QCameraParameters: setSnapshotSkipMode: mode 1
09-26 10:09:00.351   299  3375 D QCameraParameters: int32_t qcamera::QCameraParameters::initDefaultParameters(): supported preview sizes: 1280x960,1280x720,960x720,960x540,864x480,768x432,720x480,640x480,320x240,176x144
09-26 10:09:00.351   299  3375 D QCameraParameters: int32_t qcamera::QCameraParameters::initDefaultParameters(): supported video sizes: 1920x1080,1280x720,960x540,864x480,720x480,640x480,352x288,320x240,176x144
09-26 10:09:00.351   299  3375 D QCameraParameters: int32_t qcamera::QCameraParameters::initDefaultParameters(): supported video sizes: 1920x1080,1280x720,960x540,864x480,720x480,640x480,352x288,320x240,176x144
09-26 10:09:00.351   299  3375 D QCameraParameters: int32_t qcamera::QCameraParameters::initDefaultParameters(): supported pic sizes: 4160x3120,4160x2340,3840x2160,3264x2448,3264x1836,2560x1920,2560x1440,1920x1080,1440x1080,1280x960,1280x720,640x480,352x288,320x240
09-26 10:09:00.351   299  3375 D QCameraParameters: int32_t qcamera::QCameraParameters::initDefaultParameters(): supported fps ranges: (15000,15000),(15000,30000),(24000,30000),(30000,30000)
09-26 10:09:00.351   299  3375 D QCameraParameters: int32_t qcamera::QCameraParameters::setPreviewFpsRange(int, int, int, int): Updated: minFps = 15000, maxFps = 30000 , vid minFps = 15000, vid maxFps = 30000
09-26 10:09:00.351   299  3375 D QCamera2HWI: int qcamera::QCamera2HardwareInterface::calcThermalLevel(qcamera::qcamera_thermal_level_enum_t, int, int, cam_fps_range_t&, msm_vfe_frame_skip_pattern&): level: 0, preview minfps 15000.000000, preview maxfpS 30000.000000, video minfps 15000.000000, video maxfpS 30000.000000
09-26 10:09:00.351   299  3375 D QCamera2HWI: int qcamera::QCamera2HardwareInterface::calcThermalLevel(qcamera::qcamera_thermal_level_enum_t, int, int, cam_fps_range_t&, msm_vfe_frame_skip_pattern&): Thermal level 0, FPS [15.00,30.00, 15.00,30.00], frameskip 0
09-26 10:09:00.351   299  3375 D QCameraParameters: int32_t qcamera::QCameraParameters::setPreviewFpsRange(int, int, int, int): Thermal adjusted Preview fps range 15.00,30.00, 15.00, 30.00
09-26 10:09:00.351   299  3375 D QCameraParameters: int32_t qcamera::QCameraParameters::initDefaultParameters(): supported fps rates: 15,16,17,18,19,20,21,22,23,24,25,26,27,28,29,30
09-26 10:09:00.351   299  3375 D QCameraParameters: int32_t qcamera::QCameraParameters::setFocusMode(const char*): Setting focus mode auto
09-26 10:09:00.351   299  3375 D QCameraParameters: int32_t qcamera::QCameraParameters::setWhiteBalance(const char*): Setting WhiteBalance value auto
09-26 10:09:00.351   299  3375 D QCameraParameters: int32_t qcamera::QCameraParameters::setFlash(const char*, bool): Setting Flash value off
09-26 10:09:00.351   299  3375 D QCameraParameters: ConfigHdrFramesTag:int32_t qcamera::QCameraParameters::setHdrFrameCount(int): hdr frames = 3
09-26 10:09:00.351   299  3375 D QCameraParameters: int32_t qcamera::QCameraParameters::setSceneMode(const char*): Setting SceneMode auto
09-26 10:09:00.352   299  3375 D QCameraParameters: int32_t qcamera::QCameraParameters::setISOValue(const char*): Setting ISO value auto
09-26 10:09:00.352   299  3375 D QCameraParameters: int32_t qcamera::QCameraParameters::initDefaultParameters(), Exposure time min 0.010322 ms, max 86000.000000 ms
09-26 10:09:00.352   299  3375 D QCameraParameters: int32_t qcamera::QCameraParameters::initDefaultParameters(), ISO min 100, max 800
09-26 10:09:00.352   299  3375 D QCameraParameters: int32_t qcamera::QCameraParameters::setAEBracket(const char*), EXP_BRACKETING_OFF
09-26 10:09:00.352   299  3375 D QCameraParameters: int32_t qcamera::QCameraParameters::initDefaultParameters(): Supported WNR:ON/OFF default:ON
09-26 10:09:00.352   299  3375 D QCameraParameters: int32_t qcamera::QCameraParameters::initDefaultParameters(): Supported TINTLESS:ON/OFF default:ON
09-26 10:09:00.352   299  3375 D QCameraParameters: int32_t qcamera::QCameraParameters::setLA(const char*, bool): Setting LA value on 1
09-26 10:09:00.352   299  3375 E QCameraParameters: int32_t qcamera::QCameraParameters::setResetRoi(const char*): Setting reset-roi value to off (0)
09-26 10:09:00.352   299  3375 D QCameraParameters: int32_t qcamera::QCameraParameters::setDISValue(const char*): Setting DIS value disable
09-26 10:09:00.352   299  3375 D QCameraParameters: int32_t qcamera::QCameraParameters::setSeeMore(const char*): seeMoreStr =off
09-26 10:09:00.352   299  3375 D QCameraParameters: int32_t qcamera::QCameraParameters::initDefaultParameters(): totalram = 942084096, freeram = 17817600 
09-26 10:09:00.353   299  3375 D QCameraParameters: int32_t qcamera::QCameraParameters::setNumOfSnapshot(): nBurstNum = 1, nExpnum = 1
09-26 10:09:00.358   299  3375 E MotISP_GPU: int MotISP_GPU::Init(int, int): GPU resolution: 1920x1080
09-26 10:09:00.359   299  3375 I QCameraHalWatchdog: Stopped Watchdog Thread...
09-26 10:09:00.377   299  3375 I Thermal-Lib: Thermal-Lib-Client: Registraion successful for camera with handle:1
09-26 10:09:00.377   299 23353 I QCamera2HWI: getParameters standard
09-26 10:09:00.379   311   537 I ThermalEngine: Thermal-Server: Adding thermal event listener on fd 39
09-26 10:09:00.379   299 23390 I Thermal-Lib: Thermal-Lib-Client: Client received msg camera 0
09-26 10:09:00.379   299 23353 D QCamera2HWI: int qcamera::QCamera2HardwareInterface::calcThermalLevel(qcamera::qcamera_thermal_level_enum_t, int, int, cam_fps_range_t&, msm_vfe_frame_skip_pattern&): level: 0, preview minfps 15000.000000, preview maxfpS 30000.000000, video minfps 15000.000000, video maxfpS 30000.000000
09-26 10:09:00.380   299 23353 D QCamera2HWI: int qcamera::QCamera2HardwareInterface::calcThermalLevel(qcamera::qcamera_thermal_level_enum_t, int, int, cam_fps_range_t&, msm_vfe_frame_skip_pattern&): Thermal level 0, FPS [15.00,30.00, 15.00,30.00], frameskip 0
09-26 10:09:00.381   299 23390 I Thermal-Lib: Thermal-Lib-Client: Client received msg camcorder 0
09-26 10:09:00.381   299 23390 E Thermal-Lib: Thermal-Lib-Client: No Callback registered for camcorder
09-26 10:09:00.392  2523  2537 I ActivityManager: Start proc 23392:com.google.process.gapps/u0a20 for content provider com.google.android.gsf/.gservices.GservicesProvider
09-26 10:09:00.397   299 23353 I QCamera2HWI: getParameters standard
09-26 10:09:00.403   299 23389 I Adreno-EGL: <qeglDrvAPI_eglInitialize:379>: EGL 1.4 QUALCOMM build:  (I14a17c7611)
09-26 10:09:00.403   299 23389 I Adreno-EGL: OpenGL ES Shader Compiler Version: XE031.06.00.02
09-26 10:09:00.403   299 23389 I Adreno-EGL: Build Date: 12/04/15 Fri
09-26 10:09:00.403   299 23389 I Adreno-EGL: Local Branch: workspace
09-26 10:09:00.403   299 23389 I Adreno-EGL: Remote Branch: 
09-26 10:09:00.403   299 23389 I Adreno-EGL: Local Patches: 
09-26 10:09:00.403   299 23389 I Adreno-EGL: Reconstruct Branch: 
09-26 10:09:00.445  2523  5187 I ActivityManager: Process android.process.acore (pid 23224) has died
09-26 10:09:00.453 23329 23343 I tensorflow: CameraConnectionFragment: Opening camera preview: 640x480
09-26 10:09:00.530 23392 23392 W System  : ClassLoader referenced unknown path: /system/priv-app/GoogleServicesFramework/lib/arm
09-26 10:09:00.546 23329 23343 I CameraDeviceState: Legacy camera service transitioning to state CONFIGURING
09-26 10:09:00.547 23329 23406 I RequestThread-0: Configure outputs: 2 surfaces configured.
09-26 10:09:00.547 23329 23406 D Camera  : app passed NULL surface
09-26 10:09:00.548   299 23353 I QCamera2HWI: getParameters standard
09-26 10:09:00.596 19876 19876 W CycledLeScannerForLollipop: Failed to make new Android L scanner
09-26 10:09:00.608 23392 23392 I GservicesProvider: Gservices pushing to system: true; secure/global: true
09-26 10:09:00.614 23329 23329 I Choreographer: Skipped 41 frames!  The application may be doing too much work on its main thread.
09-26 10:09:00.630  2523  2545 I LaunchCheckinHandler: Displayed org.tensorflow.demo/.CameraActivity,cp,ca,1522
09-26 10:09:00.631  2523  2545 I ActivityManager: Displayed org.tensorflow.demo/.CameraActivity: +1s523ms
09-26 10:09:00.686   299  5166 I QCameraHalWatchdog: Starting Watchdog Thread...
09-26 10:09:00.687   299 23353 D QCameraParameters: int32_t qcamera::QCameraParameters::setPreviewSize(const qcamera::QCameraParameters&): Requested preview size 640 x 480
09-26 10:09:00.687   299 23353 D QCameraParameters: int32_t qcamera::QCameraParameters::setPictureSize(const qcamera::QCameraParameters&): Requested picture size 4160 x 3120
09-26 10:09:00.687   299 23353 D QCameraParameters: updateFovParams: (4160x3120) is (64.349998/50.549999), (4160x3120) is (64.349998/50.549999)
09-26 10:09:00.687   299 23353 D QCameraParameters: Param m_bNoDisplayMode = 0
09-26 10:09:00.687   299 23353 D QCameraParameters: int32_t qcamera::QCameraParameters::setPreviewFpsRange(const qcamera::QCameraParameters&): FpsRange Values:(15000, 30000)
09-26 10:09:00.687   299 23353 D QCameraParameters: int32_t qcamera::QCameraParameters::setPreviewFpsRange(const qcamera::QCameraParameters&): Requested FpsRange Values:(30000, 30000)
09-26 10:09:00.687   299 23353 D QCameraParameters: HFR mode is OFF
09-26 10:09:00.687   299 23353 D QCameraParameters: int32_t qcamera::QCameraParameters::setPreviewFpsRange(const qcamera::QCameraParameters&): FPS i=1 : minFps = 30000, maxFps = 30000 vidMinFps = 0, vidMaxFps = 0
09-26 10:09:00.687   299 23353 D QCameraParameters: int32_t qcamera::QCameraParameters::setPreviewFpsRange(int, int, int, int): Updated: minFps = 30000, maxFps = 30000 , vid minFps = 30000, vid maxFps = 30000
09-26 10:09:00.687   299 23353 D QCamera2HWI: int qcamera::QCamera2HardwareInterface::calcThermalLevel(qcamera::qcamera_thermal_level_enum_t, int, int, cam_fps_range_t&, msm_vfe_frame_skip_pattern&): level: 0, preview minfps 30000.000000, preview maxfpS 30000.000000, video minfps 30000.000000, video maxfpS 30000.000000
09-26 10:09:00.687   299 23353 D QCamera2HWI: int qcamera::QCamera2HardwareInterface::calcThermalLevel(qcamera::qcamera_thermal_level_enum_t, int, int, cam_fps_range_t&, msm_vfe_frame_skip_pattern&): Thermal level 0, FPS [30.00,30.00, 30.00,30.00], frameskip 0
09-26 10:09:00.687   299 23353 D QCameraParameters: int32_t qcamera::QCameraParameters::setPreviewFpsRange(int, int, int, int): Thermal adjusted Preview fps range 30.00,30.00, 30.00, 30.00
09-26 10:09:00.687   299 23353 D QCameraParameters: int32_t qcamera::QCameraParameters::setBrightness(const qcamera::QCameraParameters&): Brigtness not set by App 
09-26 10:09:00.687   299 23353 D QCameraParameters: int32_t qcamera::QCameraParameters::setSharpness(const qcamera::QCameraParameters&): Sharpness not set by App 
09-26 10:09:00.687   299 23353 D QCameraParameters: int32_t qcamera::QCameraParameters::setSaturation(const qcamera::QCameraParameters&): Saturation not set by App 
09-26 10:09:00.687   299 23353 D QCameraParameters: int32_t qcamera::QCameraParameters::setContrast(const qcamera::QCameraParameters&): Contrast not set by App 
09-26 10:09:00.688   299 23353 D QCameraParameters: int32_t qcamera::QCameraParameters::setSkinToneEnhancement(const qcamera::QCameraParameters&): Skintone enhancement not set by App 
09-26 10:09:00.688   299 23353 D QCameraParameters: int32_t qcamera::QCameraParameters::setLA(const char*, bool): Setting LA value off 0
09-26 10:09:00.688   299 23353 D QCameraParameters: int32_t qcamera::QCameraParameters::setFlash(const char*, bool): Setting Flash value off
09-26 10:09:00.688   299 23353 D QCameraParameters: int32_t qcamera::QCameraParameters::setFssr(const qcamera::QCameraParameters&): FSSR is not supported
09-26 10:09:00.688   299 23353 D QCameraParameters: int32_t qcamera::QCameraParameters::setSeeMore(const qcamera::QCameraParameters&): str =(null) & prev_str =off
09-26 10:09:00.688   299 23353 D QCameraParameters: int32_t qcamera::QCameraParameters::setMultiTouchFocus(const qcamera::QCameraParameters&): multi-touch focus is not supported
09-26 10:09:00.688   299 23353 D QCameraParameters: int32_t qcamera::QCameraParameters::setNumOfSnapshot(): nBurstNum = 1, nExpnum = 1
09-26 10:09:00.689   299  5166 I QCameraHalWatchdog: Stopped Watchdog Thread...
09-26 10:09:00.690 23329 23343 I CameraDeviceState: Legacy camera service transitioning to state IDLE
09-26 10:09:00.697 23329 23343 I tensorflow: CameraConnectionFragment: Getting assets.
09-26 10:09:00.714 31195 31195 I MemoryTrimmer: Trimming objects from memory, since app is in the background.
09-26 10:09:00.729 23329 23343 I TFImageClassifier: Reading labels from: imagenet_comp_graph_label_strings.txt
09-26 10:09:00.740 23329 23343 E tensorflow: TensorFlowImageListener: Exception!
09-26 10:09:00.740 23329 23343 E tensorflow: java.io.FileNotFoundException: imagenet_comp_graph_label_strings.txt
09-26 10:09:00.740 23329 23343 E tensorflow: 	at android.content.res.AssetManager.openAsset(Native Method)
09-26 10:09:00.740 23329 23343 E tensorflow: 	at android.content.res.AssetManager.open(AssetManager.java:313)
09-26 10:09:00.740 23329 23343 E tensorflow: 	at android.content.res.AssetManager.open(AssetManager.java:287)
09-26 10:09:00.740 23329 23343 E tensorflow: 	at org.tensorflow.demo.TensorFlowImageClassifier.initializeTensorFlow(TensorFlowImageClassifier.java:97)
09-26 10:09:00.740 23329 23343 E tensorflow: 	at org.tensorflow.demo.TensorFlowImageListener.initialize(TensorFlowImageListener.java:84)
09-26 10:09:00.740 23329 23343 E tensorflow: 	at org.tensorflow.demo.CameraConnectionFragment.createCameraPreviewSession(CameraConnectionFragment.java:540)
09-26 10:09:00.740 23329 23343 E tensorflow: 	at org.tensorflow.demo.CameraConnectionFragment.access$400(CameraConnectionFragment.java:63)
09-26 10:09:00.740 23329 23343 E tensorflow: 	at org.tensorflow.demo.CameraConnectionFragment$2.onOpened(CameraConnectionFragment.java:155)
09-26 10:09:00.740 23329 23343 E tensorflow: 	at android.hardware.camera2.impl.CameraDeviceImpl$1.run(CameraDeviceImpl.java:134)
09-26 10:09:00.740 23329 23343 E tensorflow: 	at android.os.Handler.handleCallback(Handler.java:746)
09-26 10:09:00.740 23329 23343 E tensorflow: 	at android.os.Handler.dispatchMessage(Handler.java:95)
09-26 10:09:00.740 23329 23343 E tensorflow: 	at android.os.Looper.loop(Looper.java:148)
09-26 10:09:00.740 23329 23343 E tensorflow: 	at android.os.HandlerThread.run(HandlerThread.java:61)
09-26 10:09:00.740 23329 23343 I tensorflow: CameraConnectionFragment: TensorFlow initialized.
09-26 10:09:00.742 23329 23343 I RequestQueue: Repeating capture request set.
09-26 10:09:00.746 23329 23406 W LegacyRequestMapper: convertRequestMetadata - control.awbRegions setting is not supported, ignoring value
09-26 10:09:00.746 23329 23406 W LegacyRequestMapper: Only received metering rectangles with weight 0.
09-26 10:09:00.746 23329 23406 W LegacyRequestMapper: Only received metering rectangles with weight 0.
09-26 10:09:00.752   299 25399 I QCameraHalWatchdog: Starting Watchdog Thread...
09-26 10:09:00.753   299 23353 D QCameraParameters: int32_t qcamera::QCameraParameters::setPreviewSize(const qcamera::QCameraParameters&): Requested preview size 640 x 480
09-26 10:09:00.753   299 23353 D QCameraParameters: int32_t qcamera::QCameraParameters::setPictureSize(const qcamera::QCameraParameters&): Requested picture size 4160 x 3120
09-26 10:09:00.753   299 23353 D QCameraParameters: updateFovParams: (4160x3120) is (64.349998/50.549999), (4160x3120) is (64.349998/50.549999)
09-26 10:09:00.754   299 23353 D QCameraParameters: Param m_bNoDisplayMode = 0
09-26 10:09:00.754   299 23353 D QCameraParameters: int32_t qcamera::QCameraParameters::setPreviewFpsRange(const qcamera::QCameraParameters&): FpsRange Values:(30000, 30000)
09-26 10:09:00.754   299 23353 D QCameraParameters: int32_t qcamera::QCameraParameters::setPreviewFpsRange(const qcamera::QCameraParameters&): Requested FpsRange Values:(30000, 30000)
09-26 10:09:00.754   299 23353 D QCameraParameters: HFR mode is OFF
09-26 10:09:00.754   299 23353 D QCameraParameters: int32_t qcamera::QCameraParameters::setBrightness(const qcamera::QCameraParameters&): Brigtness not set by App 
09-26 10:09:00.754   299 23353 D QCameraParameters: int32_t qcamera::QCameraParameters::setSharpness(const qcamera::QCameraParameters&): Sharpness not set by App 
09-26 10:09:00.754   299 23353 D QCameraParameters: int32_t qcamera::QCameraParameters::setSaturation(const qcamera::QCameraParameters&): Saturation not set by App 
09-26 10:09:00.754   299 23353 D QCameraParameters: int32_t qcamera::QCameraParameters::setContrast(const qcamera::QCameraParameters&): Contrast not set by App 
09-26 10:09:00.754   299 23353 D QCameraParameters: int32_t qcamera::QCameraParameters::setFocusMode(const char*): Setting focus mode continuous-picture
09-26 10:09:00.754   299 23353 D QCameraParameters: int32_t qcamera::QCameraParameters::setSkinToneEnhancement(const qcamera::QCameraParameters&): Skintone enhancement not set by App 
09-26 10:09:00.754   299 23353 D QCameraParameters: int32_t qcamera::QCameraParameters::setFlash(const char*, bool): Setting Flash value auto
09-26 10:09:00.754   299 23353 D QCameraParameters: setFocusAreas: FocusArea[0] = (l:-1000, t:-1000, w:2000, h:2000) -> prev:640x480 (l:0, t:0, w:640, h:480)
09-26 10:09:00.754   299 23353 D QCameraParameters: int32_t qcamera::QCameraParameters::setMeteringAreas(const char*): MeteringArea[0] = (-1000, -1000, 2000, 2000)
09-26 10:09:00.754   299 23353 D QCameraParameters: int32_t qcamera::QCameraParameters::setLA(const char*, bool): Setting LA value off 0
09-26 10:09:00.754   299 23353 D QCameraParameters: int32_t qcamera::QCameraParameters::setFlash(const char*, bool): Setting Flash value auto
09-26 10:09:00.754   299 23353 D QCameraParameters: int32_t qcamera::QCameraParameters::setFssr(const qcamera::QCameraParameters&): FSSR is not supported
09-26 10:09:00.754   299 23353 D QCameraParameters: int32_t qcamera::QCameraParameters::setSeeMore(const qcamera::QCameraParameters&): str =(null) & prev_str =off
09-26 10:09:00.754   299 23353 D QCameraParameters: int32_t qcamera::QCameraParameters::setMultiTouchFocus(const qcamera::QCameraParameters&): multi-touch focus is not supported
09-26 10:09:00.756   299 23353 D QCameraParameters: int32_t qcamera::QCameraParameters::setNumOfSnapshot(): nBurstNum = 1, nExpnum = 1
09-26 10:09:00.757   299 25399 I QCameraHalWatchdog: Stopped Watchdog Thread...
09-26 10:09:00.759   299  3374 I QCameraHalWatchdog: Starting Watchdog Thread...
09-26 10:09:00.760   299  3374 I QCameraHalWatchdog: Stopped Watchdog Thread...
09-26 10:09:00.760   299  3374 I QCameraHalWatchdog: Starting Watchdog Thread...
09-26 10:09:00.760   299  3374 D QCamera2HWI: [KPI Perf] static int qcamera::QCamera2HardwareInterface::start_preview(camera_device*): E PROFILE_START_PREVIEW
09-26 10:09:00.761   299 23353 D QCameraHWI_Mem: void qcamera::QCameraMemory::traceLogAllocStart(size_t, int, const char*) : alloc E count=1 size=1100
09-26 10:09:00.761   299 23353 D QCameraHWI_Mem: void qcamera::QCameraMemory::traceLogAllocStart(size_t, int, const char*) : alloc E count=1 size=1100
09-26 10:09:00.762   299 23353 D QCameraHWI_Mem: int qcamera::QCameraMemory::alloc(int, size_t, unsigned int) : No memory pool available and So allocate new buffer
09-26 10:09:00.762   299 23353 D QCameraHWI_Mem: static int qcamera::QCameraMemory::allocOneBuffer(qcamera::QCameraMemory::QCameraMemInfo&, unsigned int, size_t, bool) : ION buffer 1 with size 4096 allocated
09-26 10:09:00.762   299 23353 D QCameraHWI_Mem:  void qcamera::QCameraMemory::traceLogAllocEnd(size_t) : X
09-26 10:09:00.762   299 23353 D QCameraHWI_Mem:  void qcamera::QCameraMemory::traceLogAllocEnd(size_t) : X
09-26 10:09:00.762   299 23353 D QCamera2HWI: uint8_t qcamera::QCamera2HardwareInterface::getBufNumRequired(cam_stream_type_t): Allocating 12 buffers for streamtype 7
09-26 10:09:00.762   299 23353 D QCamera2HWI: virtual qcamera::QCameraHeapMemory* qcamera::QCamera2HardwareInterface::allocateStreamInfoBuf(cam_stream_type_t): stream_type 7, stream format 99,stream dimension 455528x1, num_bufs 12
09-26 10:09:00.762   299 23353 D QCamera2HWI: uint8_t qcamera::QCamera2HardwareInterface::getBufNumRequired(cam_stream_type_t): Allocating 12 buffers for streamtype 7
09-26 10:09:00.763   299 23353 E mm-camera-intf: mm_stream_get_v4l2_fmt: Unknown fmt=99
09-26 10:09:00.763   299 23353 D QCameraHWI_Mem: void qcamera::QCameraMemory::traceLogAllocStart(size_t, int, const char*) : alloc E count=1 size=1100
09-26 10:09:00.763   299 23353 D QCameraHWI_Mem: void qcamera::QCameraMemory::traceLogAllocStart(size_t, int, const char*) : alloc E count=1 size=1100
09-26 10:09:00.763   299 23353 D QCameraHWI_Mem: int qcamera::QCameraMemory::alloc(int, size_t, unsigned int) : No memory pool available and So allocate new buffer
09-26 10:09:00.763   299 23353 D QCameraHWI_Mem: static int qcamera::QCameraMemory::allocOneBuffer(qcamera::QCameraMemory::QCameraMemInfo&, unsigned int, size_t, bool) : ION buffer 1 with size 4096 allocated
09-26 10:09:00.763   299 23353 D QCameraHWI_Mem:  void qcamera::QCameraMemory::traceLogAllocEnd(size_t) : X
09-26 10:09:00.763   299 23353 D QCameraHWI_Mem:  void qcamera::QCameraMemory::traceLogAllocEnd(size_t) : X
09-26 10:09:00.764   299 23353 D QCamera2HWI: uint8_t qcamera::QCamera2HardwareInterface::getBufNumRequired(cam_stream_type_t): Allocating 12 buffers for streamtype 1
09-26 10:09:00.764   299 23353 D QCamera2HWI: virtual qcamera::QCameraHeapMemory* qcamera::QCamera2HardwareInterface::allocateStreamInfoBuf(cam_stream_type_t): stream_type 1, stream format 2,stream dimension 640x480, num_bufs 12
09-26 10:09:00.764   299 23353 D QCamera2HWI: uint8_t qcamera::QCamera2HardwareInterface::getBufNumRequired(cam_stream_type_t): Allocating 12 buffers for streamtype 1
09-26 10:09:00.765   336 23382 E mm-camera: isp_util_find_matched_existing_src_port#166: X
09-26 10:09:00.765   336 23382 E mm-camera: module_afs_port_check_caps_reserve:1418] acquire port
09-26 10:09:00.765   336 23382 E mm-camera: module_afs_port_check_caps_reserve:1418] acquire port
09-26 10:09:00.765   336 23382 D mm-camera: c2d_port_check_caps_reserve:143, identity=0x20002, reserved
09-26 10:09:00.768   336 23382 D mm-camera: c2d_module_notify_add_stream:1360, info: success, identity=0x20002
09-26 10:09:00.768   336 23382 D mm-camera: c2d_port_check_caps_reserve:143, identity=0x20002, reserved
09-26 10:09:00.775   336 23382 D SensorListener: void android::SensorListener::enableSensor(android::SensorListener::sensor_type_t): SensorEventQueue enableSensor(TYPE_DISPLAY_ROTATE)
09-26 10:09:00.781   336 23382 E mm-camera: module_faceproc_client_create:1070] Face proc feature mask e 0
09-26 10:09:00.783   336 23423 E mm-camera: is_thread_handler thread_id is 23423
09-26 10:09:00.783   336 23423 E mm-camera: is_thread_handler: Starting IS thread handler
09-26 10:09:00.783   336 23382 E mm-camera: mct_pipeline_send_ctrl_events: Send Set Parm events
09-26 10:09:00.783   336 23382 E mm-camera: Fail,cpphw=0xb8650118, hw_params=0xb867a348, chromatix_ptr=0x0, trigger=0xb89dbca8
09-26 10:09:00.783   336 23382 E mm-camera: Fail,cpphw=0xb8650118, hw_params=0xb867a348, chromatix_ptr=0x0, trigger=0xb89dbca8
09-26 10:09:00.783   336 23382 E mm-camera: af_port_handle_module_event: HFR Mode: 0!
09-26 10:09:00.784   336 23420 E mm-camera-CORE: af_set_parameters: Unsupported parameter:33
09-26 10:09:00.784   336 23420 E mm-camera-CORE: af_get_params: Focus is not initialized yet
09-26 10:09:00.784   336 23382 E mm-camera: isp_util_set_la: vfe not started yet
09-26 10:09:00.784   336 23382 E mm-camera: stats_port_proc_downstream_set_parm Enable AEC & AWB subsampling optimizations
09-26 10:09:00.784   336 23382 E mm-camera-sensor: module_sensor_event_control_set_parm:3140 CAM_INTF_PARM_LED_MODE 1 
09-26 10:09:00.784   336 23382 E mm-camera-sensor: 
09-26 10:09:00.785   336 23417 D SensorListener: int android::sensor_events_listener(int, int, void*): SensorEventQueue TYPE_DISPLAY_ROTATE read(vector.x=-1), orient=0
09-26 10:09:00.786   299 23353 D QCameraHWI_Mem: void qcamera::QCameraMemory::traceLogAllocStart(size_t, int, const char*) : alloc E count=1 size=1100
09-26 10:09:00.786   299 23353 D QCameraHWI_Mem: void qcamera::QCameraMemory::traceLogAllocStart(size_t, int, const char*) : alloc E count=1 size=1100
09-26 10:09:00.786   299 23353 D QCameraHWI_Mem: int qcamera::QCameraMemory::alloc(int, size_t, unsigned int) : No memory pool available and So allocate new buffer
09-26 10:09:00.786   299 23353 D QCameraHWI_Mem: static int qcamera::QCameraMemory::allocOneBuffer(qcamera::QCameraMemory::QCameraMemInfo&, unsigned int, size_t, bool) : ION buffer 1 with size 4096 allocated
09-26 10:09:00.786   299 23353 D QCameraHWI_Mem:  void qcamera::QCameraMemory::traceLogAllocEnd(size_t) : X
09-26 10:09:00.786   299 23353 D QCameraHWI_Mem:  void qcamera::QCameraMemory::traceLogAllocEnd(size_t) : X
09-26 10:09:00.787   299 23353 D QCamera2HWI: uint8_t qcamera::QCamera2HardwareInterface::getBufNumRequired(cam_stream_type_t): Allocating 5 buffers for streamtype 3
09-26 10:09:00.787   299 23353 D QCamera2HWI: virtual qcamera::QCameraHeapMemory* qcamera::QCamera2HardwareInterface::allocateStreamInfoBuf(cam_stream_type_t): stream_type 3, stream format 2,stream dimension 4160x3120, num_bufs 5
09-26 10:09:00.787   299 23353 D QCamera2HWI: uint8_t qcamera::QCamera2HardwareInterface::getBufNumRequired(cam_stream_type_t): Allocating 5 buffers for streamtype 3
09-26 10:09:00.790   299 23353 D QCamera2HWI: int qcamera::QCamera2HardwareInterface::startPreview(): E
09-26 10:09:00.790   299 23353 D QCamera2HWI: int qcamera::QCamera2HardwareInterface::calcThermalLevel(qcamera::qcamera_thermal_level_enum_t, int, int, cam_fps_range_t&, msm_vfe_frame_skip_pattern&): level: 0, preview minfps 30000.000000, preview maxfpS 30000.000000, video minfps 30000.000000, video maxfpS 30000.000000
09-26 10:09:00.790   299 23353 D QCamera2HWI: int qcamera::QCamera2HardwareInterface::calcThermalLevel(qcamera::qcamera_thermal_level_enum_t, int, int, cam_fps_range_t&, msm_vfe_frame_skip_pattern&): Thermal level 0, FPS [30.00,30.00, 30.00,30.00], frameskip 0
09-26 10:09:00.790   336 23382 E mm-camera: mct_pipeline_send_ctrl_events: Send Set Parm events
09-26 10:09:00.791 23392 23392 I GoogleHttpClient: GMS http client unavailable, use old client
09-26 10:09:00.791   336 23382 E mm-camera: mct_pipeline_send_ctrl_events: Send Set Parm events
09-26 10:09:00.792   336 23382 E mm-camera: module_drsd_port_event_func:619] Invalid type for reprocess  
09-26 10:09:00.792   336 23382 E mm-camera: module_faceproc_port_event_func:541] Invalid type for reprocess 20002 20002
09-26 10:09:00.793   299 23353 D QCameraHWI_Mem: void qcamera::QCameraMemory::traceLogAllocStart(size_t, int, const char*) : alloc E count=12 size=455552
09-26 10:09:00.793   299 23353 E QCameraHWI_Mem: void qcamera::QCameraMemory::traceLogAllocStart(size_t, int, const char*):StreamMemsize 455552
09-26 10:09:00.793   299 23353 D QCameraHWI_Mem: void qcamera::QCameraMemory::traceLogAllocStart(size_t, int, const char*) : alloc E count=12 size=455552
09-26 10:09:00.793   299 23353 E QCameraHWI_Mem: void qcamera::QCameraMemory::traceLogAllocStart(size_t, int, const char*):Memsize 455552
09-26 10:09:00.793   299 23353 E QCameraHWI_Mem: int qcamera::QCameraMemoryPool::allocateBuffer(qcamera::QCameraMemory::QCameraMemInfo&, unsigned int, size_t, bool, cam_stream_type_t) : Buffer not found!
09-26 10:09:00.794   299 23353 D QCameraHWI_Mem: static int qcamera::QCameraMemory::allocOneBuffer(qcamera::QCameraMemory::QCameraMemInfo&, unsigned int, size_t, bool) : ION buffer 1 with size 458752 allocated
09-26 10:09:00.794   299 23353 E QCameraHWI_Mem: int qcamera::QCameraMemoryPool::allocateBuffer(qcamera::QCameraMemory::QCameraMemInfo&, unsigned int, size_t, bool, cam_stream_type_t) : Buffer not found!
09-26 10:09:00.794   299 23353 D QCameraHWI_Mem: static int qcamera::QCameraMemory::allocOneBuffer(qcamera::QCameraMemory::QCameraMemInfo&, unsigned int, size_t, bool) : ION buffer 1 with size 458752 allocated
09-26 10:09:00.794   299 23353 E QCameraHWI_Mem: int qcamera::QCameraMemoryPool::allocateBuffer(qcamera::QCameraMemory::QCameraMemInfo&, unsigned int, size_t, bool, cam_stream_type_t) : Buffer not found!
09-26 10:09:00.794   299 23353 D QCameraHWI_Mem: static int qcamera::QCameraMemory::allocOneBuffer(qcamera::QCameraMemory::QCameraMemInfo&, unsigned int, size_t, bool) : ION buffer 1 with size 458752 allocated
09-26 10:09:00.794   299 23353 E QCameraHWI_Mem: int qcamera::QCameraMemoryPool::allocateBuffer(qcamera::QCameraMemory::QCameraMemInfo&, unsigned int, size_t, bool, cam_stream_type_t) : Buffer not found!
09-26 10:09:00.794   299 23353 D QCameraHWI_Mem: static int qcamera::QCameraMemory::allocOneBuffer(qcamera::QCameraMemory::QCameraMemInfo&, unsigned int, size_t, bool) : ION buffer 1 with size 458752 allocated
09-26 10:09:00.794   299 23353 E QCameraHWI_Mem: int qcamera::QCameraMemoryPool::allocateBuffer(qcamera::QCameraMemory::QCameraMemInfo&, unsigned int, size_t, bool, cam_stream_type_t) : Buffer not found!
09-26 10:09:00.794   299 23353 D QCameraHWI_Mem: static int qcamera::QCameraMemory::allocOneBuffer(qcamera::QCameraMemory::QCameraMemInfo&, unsigned int, size_t, bool) : ION buffer 1 with size 458752 allocated
09-26 10:09:00.794   299 23353 E QCameraHWI_Mem: int qcamera::QCameraMemoryPool::allocateBuffer(qcamera::QCameraMemory::QCameraMemInfo&, unsigned int, size_t, bool, cam_stream_type_t) : Buffer not found!
09-26 10:09:00.794   299 23353 D QCameraHWI_Mem: static int qcamera::QCameraMemory::allocOneBuffer(qcamera::QCameraMemory::QCameraMemInfo&, unsigned int, size_t, bool) : ION buffer 1 with size 458752 allocated
09-26 10:09:00.794   299 23353 E QCameraHWI_Mem: int qcamera::QCameraMemoryPool::allocateBuffer(qcamera::QCameraMemory::QCameraMemInfo&, unsigned int, size_t, bool, cam_stream_type_t) : Buffer not found!
09-26 10:09:00.795   299 23353 D QCameraHWI_Mem: static int qcamera::QCameraMemory::allocOneBuffer(qcamera::QCameraMemory::QCameraMemInfo&, unsigned int, size_t, bool) : ION buffer 1 with size 458752 allocated
09-26 10:09:00.795   299 23353 E QCameraHWI_Mem: int qcamera::QCameraMemoryPool::allocateBuffer(qcamera::QCameraMemory::QCameraMemInfo&, unsigned int, size_t, bool, cam_stream_type_t) : Buffer not found!
09-26 10:09:00.795   299 23353 D QCameraHWI_Mem: static int qcamera::QCameraMemory::allocOneBuffer(qcamera::QCameraMemory::QCameraMemInfo&, unsigned int, size_t, bool) : ION buffer 1 with size 458752 allocated
09-26 10:09:00.795   299 23353 E QCameraHWI_Mem: int qcamera::QCameraMemoryPool::allocateBuffer(qcamera::QCameraMemory::QCameraMemInfo&, unsigned int, size_t, bool, cam_stream_type_t) : Buffer not found!
09-26 10:09:00.796   299 23353 D QCameraHWI_Mem: static int qcamera::QCameraMemory::allocOneBuffer(qcamera::QCameraMemory::QCameraMemInfo&, unsigned int, size_t, bool) : ION buffer 1 with size 458752 allocated
09-26 10:09:00.796   299 23353 E QCameraHWI_Mem: int qcamera::QCameraMemoryPool::allocateBuffer(qcamera::QCameraMemory::QCameraMemInfo&, unsigned int, size_t, bool, cam_stream_type_t) : Buffer not found!
09-26 10:09:00.797   299 23353 D QCameraHWI_Mem: static int qcamera::QCameraMemory::allocOneBuffer(qcamera::QCameraMemory::QCameraMemInfo&, unsigned int, size_t, bool) : ION buffer 1 with size 458752 allocated
09-26 10:09:00.797   299 23353 E QCameraHWI_Mem: int qcamera::QCameraMemoryPool::allocateBuffer(qcamera::QCameraMemory::QCameraMemInfo&, unsigned int, size_t, bool, cam_stream_type_t) : Buffer not found!
09-26 10:09:00.797   299 23353 D QCameraHWI_Mem: static int qcamera::QCameraMemory::allocOneBuffer(qcamera::QCameraMemory::QCameraMemInfo&, unsigned int, size_t, bool) : ION buffer 1 with size 458752 allocated
09-26 10:09:00.797   299 23353 E QCameraHWI_Mem: int qcamera::QCameraMemoryPool::allocateBuffer(qcamera::QCameraMemory::QCameraMemInfo&, unsigned int, size_t, bool, cam_stream_type_t) : Buffer not found!
09-26 10:09:00.798   299 23353 D QCameraHWI_Mem: static int qcamera::QCameraMemory::allocOneBuffer(qcamera::QCameraMemory::QCameraMemInfo&, unsigned int, size_t, bool) : ION buffer 1 with size 458752 allocated
09-26 10:09:00.798   299 23353 D QCameraHWI_Mem:  void qcamera::QCameraMemory::traceLogAllocEnd(size_t) : X
