09-26 10:09:00.798   299 23353 E QCameraHWI_Mem: void qcamera::QCameraMemory::traceLogAllocEnd(size_t) 5466624
09-26 10:09:00.798   299 23353 D QCameraHWI_Mem:  void qcamera::QCameraMemory::traceLogAllocEnd(size_t) : X
09-26 10:09:00.798   299 23353 E QCameraHWI_Mem: void qcamera::QCameraMemory::traceLogAllocEnd(size_t) 5466624
09-26 10:09:00.801   299 23353 E mm-camera-intf: mm_stream_request_buf: buf_num = 12, stream type = 7
09-26 10:09:00.801   299 23353 D mm-camera-intf: mm_stream_qbuf: Starting poll on stream 0xb8c6243c type: 7
09-26 10:09:00.801   299 23353 D mm-camera-intf: mm_stream_qbuf: Started poll on stream 0xb8c6243c type: 7
09-26 10:09:00.804   299 23353 D QCameraParameters: int qcamera::QCameraParameters::getPreviewHalPixelFormat() const: format 17
09-26 10:09:00.804   299 23353 D QCameraHWI_Mem: void qcamera::QCameraGrallocMemory::setMaxFPS(int): Setting max fps 30 to display
09-26 10:09:00.804   299 23353 D QCameraHWI_Mem: void qcamera::QCameraMemory::traceLogAllocStart(size_t, int, const char*) : alloc E count=12 size=0
09-26 10:09:00.804   299 23353 D QCameraHWI_Mem:  virtual int qcamera::QCameraGrallocMemory::allocate(uint8_t, size_t) : E 
09-26 10:09:00.805   299 23353 D QCameraHWI_Mem: virtual int qcamera::QCameraGrallocMemory::allocate(uint8_t, size_t): usage = 1073872896, geometry: 0xb8bb0050, 640, 480, 640, 480, 17
09-26 10:09:00.831   299 23353 D QCameraHWI_Mem:  virtual int qcamera::QCameraGrallocMemory::allocate(uint8_t, size_t) : X 
09-26 10:09:00.831   299 23353 D QCameraHWI_Mem:  void qcamera::QCameraMemory::traceLogAllocEnd(size_t) : X
09-26 10:09:00.835   299 23353 E mm-camera-intf: mm_stream_request_buf: buf_num = 12, stream type = 1
09-26 10:09:00.835   299 23353 D mm-camera-intf: mm_stream_qbuf: Starting poll on stream 0xb8c62674 type: 1
09-26 10:09:00.835   299 23353 D mm-camera-intf: mm_stream_qbuf: Started poll on stream 0xb8c62674 type: 1
09-26 10:09:00.837   336 23382 E mm-camera-sensor: sensor_set_resolution:2587 set_fps=30.000000 > max_fps=29.370001, capping to max
09-26 10:09:00.842  2523  8230 I AccountManagerService: getTypesVisibleToCaller: isPermitted? true
09-26 10:09:00.854   336 23382 E mm-camera: decide_isp_nums_camif: num_isp = 1
09-26 10:09:00.855   336 23382 E mm-camera: decide_isp_nums_camif: num_isp = 1
09-26 10:09:00.855   336 23382 E mm-camera: isp_sink_port_stream_config: E, session_id = 2, stream_id = 2, stream_type = 1
09-26 10:09:00.855   336 23382 E mm-camera: isp_sink_port_stream_config: session_id = 2, stream_id = 2, is_split = 0
09-26 10:09:00.855   336 23382 E mm-camera: isp_sink_port_stream_config: old vfe_id_mask = 0x0, new vfe_id_mask = 0x1
09-26 10:09:00.902   336 23382 E mm-camera: isp_sink_port_stream_config: E, session_id = 2, stream_id = 3, stream_type = 3
09-26 10:09:00.902   336 23382 E mm-camera: isp_sink_port_stream_config: session_id = 2, stream_id = 3, is_split = 0
09-26 10:09:00.903   336 23382 E mm-camera: isp_sink_port_stream_config: old vfe_id_mask = 0x1, new vfe_id_mask = 0x1
09-26 10:09:00.903   336 23382 E mm-camera: is_port_handle_stream_config_event: w = 4160, h = 3120, ma = 90, p = 0
09-26 10:09:00.903   336 23420 E mm-camera-CORE: af_get_params: Focus is not initialized yet
09-26 10:09:00.903   336 23420 E mm-camera-CORE: af_get_params: Focus is not initialized yet
09-26 10:09:00.910   336 23382 E mm-camera-sensor: chromatix_load_library:36 libchromatix_s5k3m2_snapshot.so
09-26 10:09:00.910   336 23382 I mm-camera-sensor: perform_white_balance_cal: SNAPSHOT: Calibrating WB for libchromatix_s5k3m2_snapshot.so
09-26 10:09:00.910   336 23382 I mm-camera: moto_led_calibration_set_mix_led_table: Using EEPROM LED Calibration!
09-26 10:09:00.917   336 23382 E mm-camera-sensor: chromatix_load_library:36 libchromatix_s5k3m2_preview.so
09-26 10:09:00.917   336 23382 I mm-camera-sensor: perform_white_balance_cal: NONSNAPSHOT: Calibrating WB for libchromatix_s5k3m2_preview.so
09-26 10:09:00.917   336 23382 I mm-camera: moto_led_calibration_set_mix_led_table: Using EEPROM LED Calibration!
09-26 10:09:00.923   336 23382 E mm-camera-sensor: chromatix_load_library:36 libchromatix_s5k3m2_common.so
09-26 10:09:00.923   336 23382 E mm-camera-sensor: af_actuator_set_params:691 E
09-26 10:09:00.924   336 23382 E mm-camera: is_port_handle_set_is_enable: IS enable = 0
09-26 10:09:00.926   336 23382 E mm-camera: isp_tintless_config: tint_correction_strength updated to 4
09-26 10:09:00.926   336 23382 E mm-camera: isp_tintless_update_chromatix_params: lib returned config err=0
09-26 10:09:00.926   336 23420 E mm-camera-CORE: af_get_params: Focus is not initialized yet
09-26 10:09:00.926   336 23420 E mm-camera-CORE: af_get_params: Focus is not initialized yet
09-26 10:09:00.926   336 23382 E mm-camera: is_port_handle_set_is_enable: IS enable = 0
09-26 10:09:00.927   336 23382 E mm-camera: port_isp_mct_ctrl_cmd: E, identity = 0x20002, STREAMON
09-26 10:09:00.960   336 23382 E mm-camera: awb_port_update_awb_data r_gain; 1.647707, g_gain: 1.000000, b_gain: 2.301766, cct: 4100
09-26 10:09:00.960   336 23382 E mm-camera: module_afs_client_map_buffers:449] Invalid ISP output dimension
09-26 10:09:00.961   336 23420 E mm-camera-CORE: mot_af_deinit: E
09-26 10:09:00.962   336 23420 E mm-camera-CORE: af_set_parameters: Unsupported parameter:0
09-26 10:09:01.016   336 23382 E mm-camera-img: Face Album FILE EXISTS
09-26 10:09:01.016   336 23382 D mm-camera: c2d_module_handle_streamon_event:1414, identity=0x20002, stream-on done
09-26 10:09:01.017   336 23382 E AEC_PORT: ddd exp 0.008534 iso 76
09-26 10:09:01.017   336 23382 E AEC_PORT: #### aec_port_get_aec_data runs
09-26 10:09:01.017   336 23382 E AEC_PORT: aec_port_proc_get_aec_data exp 0.008534 iso 76, exp-idx: 240, lc: 802, gain: 1.490544
09-26 10:09:01.017   336 23382 E mm-camera: isp_streamon: E, session_id = 2, stream_id = 2, active_count = 0 flash=FALSE
09-26 10:09:01.017   336 23370 E mm-camera: isp_proc_streamon: E, session_id = 2, stream_id = 2, stream_type = 1
09-26 10:09:01.017   336 23382 E mm-camera: isp_streamon: X, session_id = 2, rc = 0
09-26 10:09:01.017   336 23382 E mm-camera: port_isp_send_streamon_done_event_downstream: ignore this streamon, hal_bundling_mask = 0x3, streamon_mask = 0x1
09-26 10:09:01.017   336 23382 E mm-camera: port_isp_mct_ctrl_cmd: X, identity = 0x20002, STREAMON, ret = 0
09-26 10:09:01.019   299 23353 D QCameraHWI_Mem: void qcamera::QCameraMemory::traceLogAllocStart(size_t, int, const char*) : alloc E count=5 size=19570688
09-26 10:09:01.019   299 23353 E QCameraHWI_Mem: void qcamera::QCameraMemory::traceLogAllocStart(size_t, int, const char*):StreamMemsize 19570688
09-26 10:09:01.019   299 23353 D QCameraHWI_Mem: void qcamera::QCameraMemory::traceLogAllocStart(size_t, int, const char*) : alloc E count=5 size=19570688
09-26 10:09:01.019   299 23353 E QCameraHWI_Mem: void qcamera::QCameraMemory::traceLogAllocStart(size_t, int, const char*):Memsize 19570688
09-26 10:09:01.019   299 23353 E QCameraHWI_Mem: int qcamera::QCameraMemoryPool::allocateBuffer(qcamera::QCameraMemory::QCameraMemInfo&, unsigned int, size_t, bool, cam_stream_type_t) : Buffer not found!
09-26 10:09:01.033   299 23353 D QCameraHWI_Mem: static int qcamera::QCameraMemory::allocOneBuffer(qcamera::QCameraMemory::QCameraMemInfo&, unsigned int, size_t, bool) : ION buffer 1 with size 19570688 allocated
09-26 10:09:01.033   299 23353 E QCameraHWI_Mem: int qcamera::QCameraMemoryPool::allocateBuffer(qcamera::QCameraMemory::QCameraMemInfo&, unsigned int, size_t, bool, cam_stream_type_t) : Buffer not found!
09-26 10:09:01.120   299 23353 D QCameraHWI_Mem: static int qcamera::QCameraMemory::allocOneBuffer(qcamera::QCameraMemory::QCameraMemInfo&, unsigned int, size_t, bool) : ION buffer 1 with size 19570688 allocated
09-26 10:09:01.120   299 23353 E QCameraHWI_Mem: int qcamera::QCameraMemoryPool::allocateBuffer(qcamera::QCameraMemory::QCameraMemInfo&, unsigned int, size_t, bool, cam_stream_type_t) : Buffer not found!
09-26 10:09:01.124  2523  8230 I ActivityManager: Process com.google.process.gapps (pid 23392) has died
09-26 10:09:01.153   299 23353 D QCameraHWI_Mem: static int qcamera::QCameraMemory::allocOneBuffer(qcamera::QCameraMemory::QCameraMemInfo&, unsigned int, size_t, bool) : ION buffer 1 with size 19570688 allocated
09-26 10:09:01.153   299 23353 E QCameraHWI_Mem: int qcamera::QCameraMemoryPool::allocateBuffer(qcamera::QCameraMemory::QCameraMemInfo&, unsigned int, size_t, bool, cam_stream_type_t) : Buffer not found!
09-26 10:09:01.185 31195 31195 I MemoryTrimmer: Trimming objects from memory, since app is in the background.
09-26 10:09:01.224   299 23353 D QCameraHWI_Mem: static int qcamera::QCameraMemory::allocOneBuffer(qcamera::QCameraMemory::QCameraMemInfo&, unsigned int, size_t, bool) : ION buffer 1 with size 19570688 allocated
09-26 10:09:01.224   299 23353 E QCameraHWI_Mem: int qcamera::QCameraMemoryPool::allocateBuffer(qcamera::QCameraMemory::QCameraMemInfo&, unsigned int, size_t, bool, cam_stream_type_t) : Buffer not found!
09-26 10:09:01.254  2523  4561 I ActivityManager: Process com.google.android.googlequicksearchbox:search (pid 23317) has died
09-26 10:09:01.319   299 23353 D QCameraHWI_Mem: static int qcamera::QCameraMemory::allocOneBuffer(qcamera::QCameraMemory::QCameraMemInfo&, unsigned int, size_t, bool) : ION buffer 1 with size 19570688 allocated
09-26 10:09:01.319   299 23353 D QCameraHWI_Mem:  void qcamera::QCameraMemory::traceLogAllocEnd(size_t) : X
09-26 10:09:01.319   299 23353 E QCameraHWI_Mem: void qcamera::QCameraMemory::traceLogAllocEnd(size_t) 97853440
09-26 10:09:01.325   299 23353 D QCameraHWI_Mem:  void qcamera::QCameraMemory::traceLogAllocEnd(size_t) : X
09-26 10:09:01.325   299 23353 E QCameraHWI_Mem: void qcamera::QCameraMemory::traceLogAllocEnd(size_t) 97853440
09-26 10:09:01.333   299 23353 E mm-camera-intf: mm_stream_request_buf: buf_num = 5, stream type = 3
09-26 10:09:01.337   299 23353 D mm-camera-intf: mm_stream_qbuf: Starting poll on stream 0xb8c628ac type: 3
09-26 10:09:01.337   299 23353 D mm-camera-intf: mm_stream_qbuf: Started poll on stream 0xb8c628ac type: 3
09-26 10:09:01.340  2523 16143 I ActivityManager: Process com.whatsapp (pid 23145) has died
09-26 10:09:01.340  2523 16143 W ActivityManager: Scheduling restart of crashed service com.whatsapp/.messaging.MessageService in 1000ms
09-26 10:09:01.351   336 23382 E mm-camera-sensor: sensor_set_resolution:2560 set_fps=30.000000 > max_fps=29.370001, capping to max
09-26 10:09:01.351   336 23382 E mm-camera: isp_sink_port_stream_config: E, session_id = 2, stream_id = 2, stream_type = 1
09-26 10:09:01.351   336 23382 E mm-camera: isp_sink_port_stream_config: session_id = 2, stream_id = 2, is_split = 0
09-26 10:09:01.351   336 23382 E mm-camera: isp_sink_port_stream_config: old vfe_id_mask = 0x1, new vfe_id_mask = 0x1
09-26 10:09:01.351   336 23382 E mm-camera: isp_sink_port_stream_config: E, session_id = 2, stream_id = 3, stream_type = 3
09-26 10:09:01.351   336 23382 E mm-camera: isp_sink_port_stream_config: session_id = 2, stream_id = 3, is_split = 0
09-26 10:09:01.351   336 23382 E mm-camera: isp_sink_port_stream_config: old vfe_id_mask = 0x1, new vfe_id_mask = 0x1
09-26 10:09:01.351   336 23382 E mm-camera: is_port_handle_stream_config_event: w = 4160, h = 3120, ma = 90, p = 0
09-26 10:09:01.352   336 23382 E mm-camera: is_port_handle_set_is_enable: IS enable = 0
09-26 10:09:01.352   336 23382 E mm-camera: isp_tintless_config: same cfg as current
09-26 10:09:01.352   336 23382 E mm-camera: isp_tintless_update_chromatix_params: lib returned config err=0
09-26 10:09:01.352   336 23382 E mm-camera: is_port_handle_set_is_enable: IS enable = 0
09-26 10:09:01.353   336 23420 E mm-camera-CORE: af_set_parameters: Unsupported parameter:0
09-26 10:09:01.353   336 23420 E mm-camera-CORE: af_set_parameters: Unsupported parameter:0
09-26 10:09:01.353   336 23382 E mm-camera: port_isp_mct_ctrl_cmd: E, identity = 0x20003, STREAMON
09-26 10:09:01.353   336 23382 E mm-camera: awb_port_update_awb_data r_gain; 1.647707, g_gain: 1.000000, b_gain: 2.301766, cct: 4100
09-26 10:09:01.354   336 23382 E mm-camera: isp_streamon: E, session_id = 2, stream_id = 3, active_count = 0 flash=FALSE
09-26 10:09:01.354   336 23370 E mm-camera: isp_proc_streamon: E, session_id = 2, stream_id = 3, stream_type = 3
09-26 10:09:01.355   336 23370 E mm-camera: isp_ch_util_sync_stream_cfg_to_channel: cannot find channel, Adding new channel for stream id 2
09-26 10:09:01.355   336 23370 E mm-camera: isp_add_meta_channel: no meta data, session_id = 2, stream_id = 2
09-26 10:09:01.355   336 23370 E mm-camera: isp_ch_util_sync_stream_cfg_to_channel: cannot find channel, Adding new channel for stream id 3
09-26 10:09:01.355   336 23370 E mm-camera: isp_add_meta_channel: no meta data, session_id = 2, stream_id = 3
09-26 10:09:01.357   336 23370 E mm-camera: is_port_event:610 id = 20002, steam_type = 1, w = 640, h = 480, IS mode = 0
09-26 10:09:01.358   336 23438 E mm-camera: isp_thread_proc_cmd: start/stop, thread_data = 0xb8993870, action_code = 0
09-26 10:09:01.358   336 23370 E mm-camera: isp_ch_util_streamon: session_id = 2, vfe_mask = 0x1, async streamon, rc = 0
09-26 10:09:01.360   336 23438 E mm-camera: isp_tintless_config: cfg: 10x13 mesh, 8x8 subgrid, subgrid sz 44x44
09-26 10:09:01.360   336 23438 E mm-camera: isp_tintless_mesh_config: lib returned mesh config err=0
09-26 10:09:01.361   336 23438 E mm-camera: color_xform_update_s_value path 0 scaling_factor 0.000000 
09-26 10:09:01.361   336 23438 E mm-camera: color_xform_update_s_value path 1 scaling_factor 0.000000 
09-26 10:09:01.361   336 23438 E mm-camera: linearization_set_params: param_id is not supported in this module
09-26 10:09:01.361   336 23438 E mm-camera: mesh_rolloff_set_params: param_id is not supported in this module
09-26 10:09:01.361   336 23438 E mm-camera: wb_set_params: param_id is not supported in this module
09-26 10:09:01.361   336 23438 E mm-camera: demosaic_set_params: param_id 7, is not supported in this module
09-26 10:09:01.361   336 23438 E mm-camera: demux_set_params: param_id 7, is not supported in this module
09-26 10:09:01.361   336 23438 E mm-camera: color_conversion_trigger_update: Ignore AEC settled
09-26 10:09:01.361   336 23438 E mm-camera: mce_set_params: param_id is not supported in this module
09-26 10:09:01.361   336 23438 E mm-camera: sce_set_params: param_id is not supported in this module
09-26 10:09:01.361   336 23438 E mm-camera: color_correct_trigger_update: Ignore AEC settled
09-26 10:09:01.361   336 23438 E mm-camera: color_conversion_trigger_update: Ignore AEC settled
09-26 10:09:01.361   336 23438 E mm-camera: la_hist_trigger_update: luma target from AEC = 0! use default LA curve
09-26 10:09:01.361   336 23438 E mm-camera: isp_tintless_stat_config: pointer okay 
09-26 10:09:01.361   336 23438 E mm-camera: isp_tintless_config: cfg: camif 4160x3120, elem sz 130x130, elems 24x32
09-26 10:09:01.363   336 23438 E mm-camera: isp_tintless_stat_config: lib returned config err=0
09-26 10:09:01.364   336 23438 E mm-camera: stats_action_buf_config: cfg = 1, stats_mask = 0x7b8
09-26 10:09:01.366   336 23438 E mm-camera: stats_action: stats mask = 0x7b8
09-26 10:09:01.368   336 23438 E mm-camera: isp_axi_util_subscribe_v4l2_event: event_type = 0x8000101, is_subscribe = 1
09-26 10:09:01.369   336 23370 E mm-camera: isp_ch_util_streamon: session_id = 2, sync ack done
09-26 10:09:01.369   336 23438 E mm-camera: isp_thread_proc_cmd: start/stop ack done, thread_data = 0xb8993870, action_code = 1, rc = 0
09-26 10:09:01.369   336 23438 E mm-camera: color_xform_update_s_value path 0 scaling_factor 1.000000 
09-26 10:09:01.369   336 23438 E mm-camera: color_xform_update_s_value path 1 scaling_factor 6.500000 
09-26 10:09:01.370   336 23382 E mm-camera: isp_streamon: X, session_id = 2, rc = 0
09-26 10:09:01.370   336 23382 E mm-camera: port_isp_send_streamon_done_event_downstream: notify stream done downstream
09-26 10:09:01.370   336 23382 E mm-camera: port_isp_mct_ctrl_cmd: X, identity = 0x20003, STREAMON, ret = 0
09-26 10:09:01.374   336 23382 E mm-camera-sensor: module_sensor_stream_on: Sending start bus message
09-26 10:09:01.374   336 23443 E mm-camera: mct_bus_sof_thread_run thread_id is 23443
09-26 10:09:01.376   299 23353 D QCameraParameters: int32_t qcamera::QCameraParameters::setLA(const char*, bool): Setting LA value off 0
09-26 10:09:01.376   336 23382 E mm-camera: mct_pipeline_send_ctrl_events: Send Set Parm events
09-26 10:09:01.377   336 23382 E mm-camera: mct_pipeline_send_ctrl_events: Send Set Parm events
09-26 10:09:01.378   299 23355 E QCameraPostProc: int32_t qcamera::QCameraPostProcessor::start(qcamera::QCameraChannel*): use count reset to 0
09-26 10:09:01.378   299 23355 D QCameraParameters: MNR disabled
09-26 10:09:01.378   299 23355 D QCamera2HWI: bool qcamera::QCamera2HardwareInterface::needReprocess(): need do reprocess for ZSL WNR or min PP reprocess
09-26 10:09:01.378   299 23355 D QCamera2HWI: qcamera::QCameraReprocessChannel* qcamera::QCamera2HardwareInterface::addReprocChannel(qcamera::QCameraChannel*): Before pproc config check, ret = 888
09-26 10:09:01.379   336 23382 E mm-camera: mct_pipeline_send_ctrl_events: Send Set Parm events
09-26 10:09:01.379   299 23355 D QCamera2HWI: uint8_t qcamera::QCamera2HardwareInterface::getBufNumRequired(cam_stream_type_t): Allocating 1 buffers for streamtype 9
09-26 10:09:01.379   299 23355 D QCameraParameters: MNR disabled
09-26 10:09:01.379   299 23355 D QCamera2HWI: qcamera::QCameraReprocessChannel* qcamera::QCamera2HardwareInterface::addReprocChannel(qcamera::QCameraChannel*): After pproc config check, ret = 88a
09-26 10:09:01.379   299 23355 D QCamera2HWI: qcamera::QCameraReprocessChannel* qcamera::QCamera2HardwareInterface::addReprocChannel(qcamera::QCameraChannel*): Allocating 1 reproc buffers
09-26 10:09:01.379   299 23355 D QCameraHWI_Mem: void qcamera::QCameraMemory::traceLogAllocStart(size_t, int, const char*) : alloc E count=1 size=1100
09-26 10:09:01.379   299 23355 D QCameraHWI_Mem: void qcamera::QCameraMemory::traceLogAllocStart(size_t, int, const char*) : alloc E count=1 size=1100
09-26 10:09:01.379   299 23355 D QCameraHWI_Mem: int qcamera::QCameraMemory::alloc(int, size_t, unsigned int) : No memory pool available and So allocate new buffer
09-26 10:09:01.379   299 23355 D QCameraHWI_Mem: static int qcamera::QCameraMemory::allocOneBuffer(qcamera::QCameraMemory::QCameraMemInfo&, unsigned int, size_t, bool) : ION buffer 1 with size 4096 allocated
09-26 10:09:01.379   299 23355 D QCameraHWI_Mem:  void qcamera::QCameraMemory::traceLogAllocEnd(size_t) : X
09-26 10:09:01.379   299 23355 D QCameraHWI_Mem:  void qcamera::QCameraMemory::traceLogAllocEnd(size_t) : X
09-26 10:09:01.380   336 23382 I mm-camera-sensor: s5k3m2_check_moto_crc: EEPROM_CRC 71f0 CALC CRC 71f0 CALC Reverse CRC 5b40 matches? 1
09-26 10:09:01.380   299 23355 D QCamera2HWI: uint8_t qcamera::QCamera2HardwareInterface::getBufNumRequired(cam_stream_type_t): Allocating 1 buffers for streamtype 9
09-26 10:09:01.380   299 23355 D QCamera2HWI: virtual qcamera::QCameraHeapMemory* qcamera::QCamera2HardwareInterface::allocateStreamInfoBuf(cam_stream_type_t): stream_type 9, stream format 99,stream dimension 0x0, num_bufs 1
09-26 10:09:01.380   299 23353 D QCamera2HWI: int qcamera::QCamera2HardwareInterface::startPreview(): X
09-26 10:09:01.381   299  3374 D QCamera2HWI: [KPI Perf] static int qcamera::QCamera2HardwareInterface::start_preview(camera_device*): X
09-26 10:09:01.381   336 23382 E mm-camera: mct_pproc_sink_port_caps_reserve:198] The port 0xb8653500 is not free
09-26 10:09:01.382   299 23355 D QCameraHWI_Mem: void qcamera::QCameraMemory::traceLogAllocStart(size_t, int, const char*) : alloc E count=1 size=19570688
09-26 10:09:01.382   299 23355 E QCameraHWI_Mem: void qcamera::QCameraMemory::traceLogAllocStart(size_t, int, const char*):StreamMemsize 19570688
09-26 10:09:01.382   299 23355 D QCameraHWI_Mem: void qcamera::QCameraMemory::traceLogAllocStart(size_t, int, const char*) : alloc E count=1 size=19570688
09-26 10:09:01.382   299 23355 E QCameraHWI_Mem: void qcamera::QCameraMemory::traceLogAllocStart(size_t, int, const char*):Memsize 19570688
09-26 10:09:01.382   299 23355 E QCameraHWI_Mem: int qcamera::QCameraMemoryPool::allocateBuffer(qcamera::QCameraMemory::QCameraMemInfo&, unsigned int, size_t, bool, cam_stream_type_t) : Buffer not found!
09-26 10:09:01.383   299  3374 I QCameraHalWatchdog: Stopped Watchdog Thread...
09-26 10:09:01.386   299  5078 I QCameraHalWatchdog: Starting Watchdog Thread...
09-26 10:09:01.387   299  5078 D QCamera2HWI: [KPI Perf] static int qcamera::QCamera2HardwareInterface::cancel_auto_focus(camera_device*) : E PROFILE_CANCEL_AUTO_FOCUS
09-26 10:09:01.387   299  5078 D QCamera2HWI: [KPI Perf] static int qcamera::QCamera2HardwareInterface::cancel_auto_focus(camera_device*) : X
09-26 10:09:01.387   336 23438 E mm-camera: color_correct_trigger_update: Ignore AEC settled
09-26 10:09:01.387   336 23438 E mm-camera: color_conversion_trigger_update: Ignore AEC settled
09-26 10:09:01.387   336 23438 E mm-camera: color_correct_trigger_update: Ignore AEC settled
09-26 10:09:01.387   336 23438 E mm-camera: color_conversion_trigger_update: Ignore AEC settled
09-26 10:09:01.388   336 23420 E mm-camera-CORE: af_set_parameters: Unsupported parameter:35
09-26 10:09:01.388   299  5078 I QCameraHalWatchdog: Stopped Watchdog Thread...
09-26 10:09:01.399   299 23353 I QCamera2HWI: getParameters standard
09-26 10:09:01.399   299 23355 D QCameraHWI_Mem: static int qcamera::QCameraMemory::allocOneBuffer(qcamera::QCameraMemory::QCameraMemInfo&, unsigned int, size_t, bool) : ION buffer 1 with size 19570688 allocated
09-26 10:09:01.399   299 23355 D QCameraHWI_Mem:  void qcamera::QCameraMemory::traceLogAllocEnd(size_t) : X
09-26 10:09:01.399   299 23355 E QCameraHWI_Mem: void qcamera::QCameraMemory::traceLogAllocEnd(size_t) 19570688
09-26 10:09:01.401   299 23355 D QCameraHWI_Mem:  void qcamera::QCameraMemory::traceLogAllocEnd(size_t) : X
09-26 10:09:01.401   299 23355 E QCameraHWI_Mem: void qcamera::QCameraMemory::traceLogAllocEnd(size_t) 19570688
09-26 10:09:01.402   299 23355 E mm-camera-intf: mm_stream_request_buf: buf_num = 1, stream type = 9
09-26 10:09:01.403 29355  5548 D ModalityService: StowedListener.doBinderDied()
09-26 10:09:01.405   299 23355 D mm-camera-intf: mm_stream_qbuf: Starting poll on stream 0xb8c62f84 type: 9
09-26 10:09:01.412   299 23355 D mm-camera-intf: mm_stream_qbuf: Started poll on stream 0xb8c62f84 type: 9
09-26 10:09:01.417 29355  5548 D SLPC    : unreg_stowed(): 65535
09-26 10:09:01.418  2523  4407 I ActivityManager: Process com.facebook.orca (pid 22484) has died
09-26 10:09:01.418  2523  4407 W ActivityManager: Scheduling restart of crashed service com.facebook.orca/com.facebook.messaging.newphoto.NewPhotoIntentService in 10922ms
09-26 10:09:01.418  2523  4407 W ActivityManager: Scheduling restart of crashed service com.facebook.orca/com.facebook.mqttlite.MqttService in 10922ms
09-26 10:09:01.419 29355  5548 D sensorhub: sensorhub_algo_req(): algo: 2, active_parts: 0, num_parts: 3, req_len: 16, bytes: 19
09-26 10:09:01.419 29355  5548 D sensorhub: sensorhub_algo_req(): algos: 8
09-26 10:09:01.421  2523  5557 I ActivityManager: Process com.motorola.actions (pid 19678) has died
09-26 10:09:01.421  2523  5557 W ActivityManager: Scheduling restart of crashed service com.motorola.actions/.qc.QuickCaptureInstrumentationService in 20920ms
09-26 10:09:01.421  2523  5557 W ActivityManager: Scheduling restart of crashed service com.motorola.actions/.qc.QuickCaptureInitService in 30919ms
09-26 10:09:01.422  2523  5557 W ActivityManager: Scheduling restart of crashed service com.motorola.actions/.foc.FlashOnChopService in 40919ms
09-26 10:09:01.423  2523 27516 I ActivityManager: Process android.process.media (pid 19571) has died
09-26 10:09:01.423  2523 27516 W ActivityManager: Scheduling restart of crashed service com.android.providers.media/.MtpService in 2593880ms
09-26 10:09:01.423   336 23438 E mm-camera: color_correct_trigger_update: Ignore AEC settled
09-26 10:09:01.423   336 23438 E mm-camera: color_conversion_trigger_update: Ignore AEC settled
09-26 10:09:01.424   299 23428 D mm-camera-intf: bgproc_tev: focus_state=0, focus_idx=0, approximate focus_ts=0
09-26 10:09:01.425   299 23353 D QCamera2HWI: int32_t qcamera::QCamera2HardwareInterface::processAutoFocusEvent(cam_auto_focus_data_t&): E CAM_AF_SCANNING
09-26 10:09:01.425   299 23353 D QCamera2HWI: [AF_DBG] int32_t qcamera::QCamera2HardwareInterface::processAutoFocusEvent(cam_auto_focus_data_t&): focusMode=6, m_currentFocusState=0, m_bAFRunning=0
09-26 10:09:01.425   299 23353 D QCamera2HWI: int32_t qcamera::QCamera2HardwareInterface::processAutoFocusEvent(cam_auto_focus_data_t&): FOCUS_ACHIEVED_TIME : -722988
09-26 10:09:01.425   299 23353 D QCamera2HWI: int32_t qcamera::QCamera2HardwareInterface::processAutoFocusEvent(cam_auto_focus_data_t&): X
09-26 10:09:01.429  2523 27516 E JavaBinder: !!! FAILED BINDER TRANSACTION !!!  (parcel size = 88)
09-26 10:09:01.443   336 23420 E mm-camera-CORE: af_process_parse_stats: Invalid FV data!
09-26 10:09:01.454   336 23438 E mm-camera: color_correct_trigger_update: Ignore AEC settled
09-26 10:09:01.455   336 23438 E mm-camera: color_conversion_trigger_update: Ignore AEC settled
09-26 10:09:01.455   336 23438 E mm-camera: la_hist_trigger_update: luma target from AEC = 0! use default LA curve
09-26 10:09:01.456   336 23436 E mm-camera: awb_port_update_awb_info AWB Decision is not valid. Dont send metadata
09-26 10:09:01.456   299 23428 D mm-camera-intf: bgproc_tev: focus_state=0, focus_idx=0, approximate focus_ts=0
09-26 10:09:01.456   299 23353 D QCamera2HWI: int32_t qcamera::QCamera2HardwareInterface::processAutoFocusEvent(cam_auto_focus_data_t&): E CAM_AF_SCANNING
09-26 10:09:01.456   299 23353 D QCamera2HWI: [AF_DBG] int32_t qcamera::QCamera2HardwareInterface::processAutoFocusEvent(cam_auto_focus_data_t&): focusMode=6, m_currentFocusState=0, m_bAFRunning=0
09-26 10:09:01.456   299 23353 D QCamera2HWI: int32_t qcamera::QCamera2HardwareInterface::processAutoFocusEvent(cam_auto_focus_data_t&): FOCUS_ACHIEVED_TIME : -722957
09-26 10:09:01.456   299 23353 D QCamera2HWI: int32_t qcamera::QCamera2HardwareInterface::processAutoFocusEvent(cam_auto_focus_data_t&): X
09-26 10:09:01.459   299 23425 D QCamera2HWI: void qcamera::QCamera2HardwareInterface::kpi_preview_stream_cb_routine(): CameraKpiTag: PREVIEW_START_TIME : 667
09-26 10:09:01.459   299 23425 I BGPROC  : cds_dbg: void qcamera::QCamera2HardwareInterface::fpsMonitor() Skipping initial few frames: 1
09-26 10:09:01.459   299 23425 D QCamera2HWI: Filtering black preview frame (id=2)
09-26 10:09:01.460  2523  5187 I ActivityManager: Process com.motorola.camera (pid 19485) has died
09-26 10:09:01.461  2523  5187 W ActivityManager: Scheduling restart of crashed service com.motorola.camera/.SensorService in 64931ms
09-26 10:09:01.463   336 23438 E mm-camera: color_correct_trigger_update: Ignore AEC settled
09-26 10:09:01.463   336 23438 E mm-camera: color_conversion_trigger_update: Ignore AEC settled
09-26 10:09:01.475   336 23420 E mm-camera-CORE: af_process_parse_stats: Invalid FV data!
09-26 10:09:01.489   299 23428 D mm-camera-intf: bgproc_tev: focus_state=1, focus_idx=3, approximate focus_ts=1474895341489
09-26 10:09:01.489   299 23353 D QCamera2HWI: int32_t qcamera::QCamera2HardwareInterface::processAutoFocusEvent(cam_auto_focus_data_t&): E CAM_AF_FOCUSED
09-26 10:09:01.489   299 23353 D QCamera2HWI: int32_t qcamera::QCamera2HardwareInterface::processAutoFocusEvent(cam_auto_focus_data_t&): ZEROMOTION: mLastFocusedFrameTime = 1474895341489
09-26 10:09:01.489   299 23353 D QCamera2HWI: [AF_DBG] int32_t qcamera::QCamera2HardwareInterface::processAutoFocusEvent(cam_auto_focus_data_t&): focusMode=6, m_currentFocusState=1, m_bAFRunning=0
09-26 10:09:01.489   299 23353 D QCamera2HWI: int32_t qcamera::QCamera2HardwareInterface::processAutoFocusEvent(cam_auto_focus_data_t&): FOCUS_ACHIEVED_TIME : -722923
09-26 10:09:01.490   299 23353 D QCameraParameters: updateFocusDistances: setting KEY_FOCUS_DISTANCES as 0.496406,0.595798,0.744955
09-26 10:09:01.490   299 23353 D QCamera2HWI: int32_t qcamera::QCamera2HardwareInterface::processAutoFocusEvent(cam_auto_focus_data_t&): X
09-26 10:09:01.490   299 23425 I BGPROC  : cds_dbg: void qcamera::QCamera2HardwareInterface::fpsMonitor() Skipping initial few frames: 2
09-26 10:09:01.490   299 23391 D QCamera2HWI: [KPI Perf] static void* qcamera::QCameraCbNotifier::cbNotifyRoutine(void*) : PROFILE_SENDING_FOCUS_EVT_TO APP
09-26 10:09:01.490   299 23425 D QCamera2HWI: Filtering black preview frame (id=3)
09-26 10:09:01.494 29355 29373 D SLPC    : slpc_poll_loop(): handled 1
09-26 10:09:01.494 29355 29373 D SLPC    : slpc_poll_handle_event(): transition
09-26 10:09:01.499 29355 29373 D SLPC    : slpc_poll_loop(): about to poll...
09-26 10:09:01.499 29355 29373 D sensorhub: sensorhub_poll() polling...
09-26 10:09:01.501 29355 29355 D ModalityService: ModalityListener(): callback onModalityChange() -> 2
09-26 10:09:01.502  2523 27515 D ModalityManager: onEndMovement(), package: android
09-26 10:09:01.503  2523  2523 D MotWifiScanMovementListener: MovementListener onEndMovement
09-26 10:09:01.509   336 23420 E mm-camera-CORE: af_process_parse_stats: Invalid FV data!
09-26 10:09:01.521   299 23425 I BGPROC  : cds_dbg: void qcamera::QCamera2HardwareInterface::fpsMonitor() Skipping initial few frames: 3
09-26 10:09:01.521   299 23425 D QCamera2HWI: Filtering black preview frame (id=4)
09-26 10:09:01.532 23451 23451 E NEW_BHD : Battery Power Supply logging Daemon start!!!!!
09-26 10:09:01.537 23451 23451 E NEW_BHD : Cannot run on production devices!
09-26 10:09:01.542   336 23420 E mm-camera-CORE: af_process_parse_stats: Invalid FV data!
09-26 10:09:01.559   299 23425 I BGPROC  : cds_dbg: void qcamera::QCamera2HardwareInterface::fpsMonitor() Skipping initial few frames: 4
09-26 10:09:01.560   299 23425 D QCamera2HWI: Filtering black preview frame (id=5)
09-26 10:09:01.562   336 23419 E mm-camera-CORE: awb_bayer_set_led_gains AWB decision invalid. return
09-26 10:09:01.575   336 23420 E mm-camera-CORE: af_process_parse_stats: Invalid FV data!
09-26 10:09:01.587   299 23425 I BGPROC  : cds_dbg: void qcamera::QCamera2HardwareInterface::fpsMonitor() Skipping initial few frames: 5
09-26 10:09:01.587   299 23425 D QCamera2HWI: Filtering black preview frame (id=6)
09-26 10:09:01.589   299 23428 D mm-camera-intf: bgproc_tev: focus_state=0, focus_idx=0, approximate focus_ts=0
09-26 10:09:01.589   299 23353 D QCamera2HWI: int32_t qcamera::QCamera2HardwareInterface::processAutoFocusEvent(cam_auto_focus_data_t&): E CAM_AF_SCANNING
09-26 10:09:01.589   299 23353 D QCamera2HWI: [AF_DBG] int32_t qcamera::QCamera2HardwareInterface::processAutoFocusEvent(cam_auto_focus_data_t&): focusMode=6, m_currentFocusState=0, m_bAFRunning=0
09-26 10:09:01.589   299 23353 D QCamera2HWI: int32_t qcamera::QCamera2HardwareInterface::processAutoFocusEvent(cam_auto_focus_data_t&): FOCUS_ACHIEVED_TIME : -722823
09-26 10:09:01.589   299 23353 D QCamera2HWI: int32_t qcamera::QCamera2HardwareInterface::processAutoFocusEvent(cam_auto_focus_data_t&): X
09-26 10:09:01.592   336 23419 E mm-camera-CORE: awb_bayer_set_led_gains AWB decision invalid. return
09-26 10:09:01.609   336 23420 E mm-camera-CORE: af_process_parse_stats: Invalid FV data!
09-26 10:09:01.622   299 23425 I BGPROC  : cds_dbg: void qcamera::QCamera2HardwareInterface::fpsMonitor() Skipping initial few frames: 6
09-26 10:09:01.622   299 23425 D QCamera2HWI: Filtering black preview frame (id=7)
09-26 10:09:01.624   299 23428 D mm-camera-intf: bgproc_tev: focus_state=1, focus_idx=7, approximate focus_ts=1474895341624
09-26 10:09:01.625   299 23353 D QCamera2HWI: int32_t qcamera::QCamera2HardwareInterface::processAutoFocusEvent(cam_auto_focus_data_t&): E CAM_AF_FOCUSED
09-26 10:09:01.625   299 23353 D QCamera2HWI: int32_t qcamera::QCamera2HardwareInterface::processAutoFocusEvent(cam_auto_focus_data_t&): ZEROMOTION: mLastFocusedFrameTime = 1474895341625
09-26 10:09:01.625   299 23353 D QCamera2HWI: [AF_DBG] int32_t qcamera::QCamera2HardwareInterface::processAutoFocusEvent(cam_auto_focus_data_t&): focusMode=6, m_currentFocusState=1, m_bAFRunning=0
09-26 10:09:01.625   299 23353 D QCamera2HWI: int32_t qcamera::QCamera2HardwareInterface::processAutoFocusEvent(cam_auto_focus_data_t&): FOCUS_ACHIEVED_TIME : -722788
09-26 10:09:01.625   299 23353 D QCameraParameters: updateFocusDistances: setting KEY_FOCUS_DISTANCES as 0.496406,0.595798,0.744955
09-26 10:09:01.625   299 23353 D QCamera2HWI: int32_t qcamera::QCamera2HardwareInterface::processAutoFocusEvent(cam_auto_focus_data_t&): X
09-26 10:09:01.625   299 23391 D QCamera2HWI: [KPI Perf] static void* qcamera::QCameraCbNotifier::cbNotifyRoutine(void*) : PROFILE_SENDING_FOCUS_EVT_TO APP
09-26 10:09:01.625   336 23419 E mm-camera-CORE: awb_bayer_set_led_gains AWB decision invalid. return
09-26 10:09:01.642   336 23420 E mm-camera-CORE: af_process_parse_stats: Invalid FV data!
09-26 10:09:01.654   299 23425 I BGPROC  : cds_dbg: void qcamera::QCamera2HardwareInterface::fpsMonitor() Skipping initial few frames: 7
09-26 10:09:01.657   336 23419 E mm-camera-CORE: awb_bayer_set_led_gains AWB decision invalid. return
09-26 10:09:01.670   299 23425 E MotISP_GPU: int MotISP_GPU::Init(int, int): GPU resolution: 640x480
09-26 10:09:01.671   299 23425 D QCamera2HWI: [KPI Perf] static void qcamera::QCamera2HardwareInterface::preview_stream_cb_routine(mm_camera_super_buf_t*, qcamera::QCameraStream*, void*) : PROFILE_FIRST_PREVIEW_FRAME
09-26 10:09:01.671   299 23452 I Adreno-EGL: <qeglDrvAPI_eglInitialize:379>: EGL 1.4 QUALCOMM build:  (I14a17c7611)
09-26 10:09:01.671   299 23452 I Adreno-EGL: OpenGL ES Shader Compiler Version: XE031.06.00.02
09-26 10:09:01.671   299 23452 I Adreno-EGL: Build Date: 12/04/15 Fri
09-26 10:09:01.671   299 23452 I Adreno-EGL: Local Branch: workspace
09-26 10:09:01.671   299 23452 I Adreno-EGL: Remote Branch: 
09-26 10:09:01.671   299 23452 I Adreno-EGL: Local Patches: 
09-26 10:09:01.671   299 23452 I Adreno-EGL: Reconstruct Branch: 
09-26 10:09:01.689   299 23425 I BGPROC  : cds_dbg: void qcamera::QCamera2HardwareInterface::fpsMonitor() Skipping initial few frames: 8
09-26 10:09:01.693   336 23419 E mm-camera-CORE: awb_bayer_set_led_gains AWB decision invalid. return
09-26 10:09:01.704 23329 23407 I CameraDeviceState: Legacy camera service transitioning to state CAPTURING
09-26 10:09:01.722   299 23428 D mm-camera-intf: bgproc_tev: focus_state=0, focus_idx=0, approximate focus_ts=0
09-26 10:09:01.723   299 23353 D QCamera2HWI: int32_t qcamera::QCamera2HardwareInterface::processAutoFocusEvent(cam_auto_focus_data_t&): E CAM_AF_SCANNING
09-26 10:09:01.723   299 23353 D QCamera2HWI: [AF_DBG] int32_t qcamera::QCamera2HardwareInterface::processAutoFocusEvent(cam_auto_focus_data_t&): focusMode=6, m_currentFocusState=0, m_bAFRunning=0
09-26 10:09:01.723   299 23353 D QCamera2HWI: int32_t qcamera::QCamera2HardwareInterface::processAutoFocusEvent(cam_auto_focus_data_t&): FOCUS_ACHIEVED_TIME : -722690
09-26 10:09:01.723   299 23353 D QCamera2HWI: int32_t qcamera::QCamera2HardwareInterface::processAutoFocusEvent(cam_auto_focus_data_t&): X
09-26 10:09:01.724   336 23419 E mm-camera-CORE: awb_bayer_set_led_gains AWB decision invalid. return
09-26 10:09:01.724   299 23425 I BGPROC  : cds_dbg: void qcamera::QCamera2HardwareInterface::fpsMonitor() Skipping initial few frames: 9
09-26 10:09:01.738   279   741 I SFPerfTracer:      triggers: (rate: 2:150) (26834 sw vsyncs) (0 skipped) (112:450307 vsyncs) (114:554864)
09-26 10:09:01.755   336 23419 E mm-camera-CORE: awb_bayer_set_led_gains AWB decision invalid. return
09-26 10:09:01.757   299 23425 I BGPROC  : cds_dbg: void qcamera::QCamera2HardwareInterface::fpsMonitor() Skipping initial few frames: 10
09-26 10:09:01.788   336 23419 E mm-camera-CORE: awb_bayer_set_led_gains AWB decision invalid. return
09-26 10:09:01.789   299 23425 I BGPROC  : cds_dbg: void qcamera::QCamera2HardwareInterface::fpsMonitor() Skipping initial few frames: 11
09-26 10:09:01.814 23329 23343 I tensorflow: TensorFlowImageListener: Initializing at size 640x480
09-26 10:09:01.824   336 23419 E mm-camera-CORE: awb_bayer_set_led_gains AWB decision invalid. return
09-26 10:09:01.828   299 23425 I BGPROC  : cds_dbg: void qcamera::QCamera2HardwareInterface::fpsMonitor() Skipping initial few frames: 12
09-26 10:09:01.856   336 23419 E mm-camera-CORE: awb_bayer_set_led_gains AWB decision invalid. return
09-26 10:09:01.859   299 23425 I BGPROC  : cds_dbg: void qcamera::QCamera2HardwareInterface::fpsMonitor() Skipping initial few frames: 13
09-26 10:09:01.860 23329 23340 W art     : Suspending all threads took: 7.207ms
09-26 10:09:01.866 23329 23340 I art     : Background partial concurrent mark sweep GC freed 9024(598KB) AllocSpace objects, 0(0B) LOS objects, 25% free, 11MB/15MB, paused 7.957ms total 70.205ms
09-26 10:09:01.890   336 23419 E mm-camera-CORE: awb_bayer_set_led_gains AWB decision invalid. return
09-26 10:09:01.893   299 23425 I BGPROC  : cds_dbg: void qcamera::QCamera2HardwareInterface::fpsMonitor() Skipping initial few frames: 14
--------- beginning of crash
09-26 10:09:01.913 23329 23344 E AndroidRuntime: FATAL EXCEPTION: InferenceThread
09-26 10:09:01.913 23329 23344 E AndroidRuntime: Process: org.tensorflow.demo, PID: 23329
09-26 10:09:01.913 23329 23344 E AndroidRuntime: java.lang.NullPointerException: Attempt to get length of null array
09-26 10:09:01.913 23329 23344 E AndroidRuntime: 	at android.graphics.Bitmap.checkPixelsAccess(Bitmap.java:1466)
09-26 10:09:01.913 23329 23344 E AndroidRuntime: 	at android.graphics.Bitmap.getPixels(Bitmap.java:1411)
09-26 10:09:01.913 23329 23344 E AndroidRuntime: 	at org.tensorflow.demo.TensorFlowImageClassifier.recognizeImage(TensorFlowImageClassifier.java:128)
09-26 10:09:01.913 23329 23344 E AndroidRuntime: 	at org.tensorflow.demo.TensorFlowImageListener$1.run(TensorFlowImageListener.java:198)
09-26 10:09:01.913 23329 23344 E AndroidRuntime: 	at android.os.Handler.handleCallback(Handler.java:746)
09-26 10:09:01.913 23329 23344 E AndroidRuntime: 	at android.os.Handler.dispatchMessage(Handler.java:95)
09-26 10:09:01.913 23329 23344 E AndroidRuntime: 	at android.os.Looper.loop(Looper.java:148)
09-26 10:09:01.913 23329 23344 E AndroidRuntime: 	at android.os.HandlerThread.run(HandlerThread.java:61)
09-26 10:09:01.922   299 23425 I BGPROC  : cds_dbg: void qcamera::QCamera2HardwareInterface::fpsMonitor() Skipping initial few frames: 15
09-26 10:09:01.924   336 23419 E mm-camera-CORE: awb_bayer_set_led_gains AWB decision invalid. return
09-26 10:09:01.929  2523  2536 W ActivityManager:   Force finishing activity org.tensorflow.demo/.CameraActivity
09-26 10:09:01.934  2523  2536 I ActivityManager: moveHomeStack, setupComplete:true
09-26 10:09:01.940  2523 23453 W DropBoxManagerService: Dropping: data_app_crash (752 > 0 bytes)
09-26 10:09:01.957   336 23419 E mm-camera-CORE: awb_bayer_set_led_gains AWB decision invalid. return
09-26 10:09:01.958   299 23425 I BGPROC  : cds_dbg: void qcamera::QCamera2HardwareInterface::fpsMonitor() Skipping initial few frames: 16
09-26 10:09:01.981 23329 23329 I RequestQueue: Repeating capture request cancelled.
09-26 10:09:01.989   299 23425 I BGPROC  : cds_dbg: void qcamera::QCamera2HardwareInterface::fpsMonitor() Skipping initial few frames: 17
09-26 10:09:01.995   336 23419 E mm-camera-CORE: awb_bayer_set_led_gains AWB decision invalid. return
09-26 10:09:02.023   336 23419 E mm-camera-CORE: awb_bayer_set_led_gains AWB decision invalid. return
09-26 10:09:02.023   299 23425 I BGPROC  : cds_dbg: void qcamera::QCamera2HardwareInterface::fpsMonitor() Skipping initial few frames: 18
09-26 10:09:02.036   299 25399 I QCameraHalWatchdog: Starting Watchdog Thread...
09-26 10:09:02.037   299 25399 D QCamera2HWI: [KPI Perf] static void qcamera::QCamera2HardwareInterface::stop_preview(camera_device*): E PROFILE_STOP_PREVIEW
09-26 10:09:02.037   299 23353 D QCameraParameters: int32_t qcamera::QCameraParameters::setFaceDetection(bool): face process mask not changed, no ops here
09-26 10:09:02.037   299 23353 D QCamera2HWI: int qcamera::QCamera2HardwareInterface::stopPreview(bool): E
09-26 10:09:02.037   336 23382 E mm-camera: port_isp_mct_ctrl_cmd: E, identity = 0x20003, STREAMOFF
09-26 10:09:02.037   336 23382 E mm-camera: isp_streamoff: E, session_id = 2, stream_id = 3, active_count = 2
09-26 10:09:02.037   336 23370 E mm-camera: isp_proc_streamoff: E,session_id = 2, stream_id= 3, stream_type= 3 meta 0
09-26 10:09:02.037   336 23438 E mm-camera: isp_thread_proc_cmd: start/stop, thread_data = 0xb8993870, action_code = 2
09-26 10:09:02.038   336 23370 E mm-camera: isp_ch_util_streamoff: session_id = 2, vfe_mask = 0x1, async streamoff, rc = 0
09-26 10:09:02.038   336 23438 E mm-camera: isp_axi_util_subscribe_v4l2_event: event_type = 0x8000101, is_subscribe = 0
09-26 10:09:02.039   336 23438 E mm-camera: isp_axi_unreg_buf: session_id = 2, stream_id = 2, buf_handle = 0x10000
09-26 10:09:02.039   336 23438 E mm-camera: isp_axi_unreg_buf: session_id = 2, stream_id = 3, buf_handle = 0x20001
09-26 10:09:02.039   336 23438 E mm-camera: stats_action_buf_config: cfg = 0, stats_mask = 0x7b8
09-26 10:09:02.041   336 23438 E mm-camera: isp_thread_proc_cmd: start/stop ack done, thread_data = 0xb8993870, action_code = 3, rc = 0
09-26 10:09:02.041   336 23370 E mm-camera: isp_ch_util_streamoff: session_id = 2, sync ack done
09-26 10:09:02.041   336 23382 E mm-camera: isp_streamoff: X, session_id = 2, rc = 0
09-26 10:09:02.041   336 23382 E mm-camera: port_isp_mct_ctrl_cmd: X, identity = 0x20003, STREAMOFF, ret = 0
09-26 10:09:02.042   336 23382 E mm-camera: ispif_util_release_isp_resource: Error in releasing resource use_pix 1, mask 1
09-26 10:09:02.043   336 23382 E mm-camera: port_isp_mct_ctrl_cmd: E, identity = 0x20002, STREAMOFF
09-26 10:09:02.049   336 23382 D mm-camera: c2d_module_handle_streamoff_event:1577, info: stream-off done for identity 0x20002
09-26 10:09:02.049   336 23419 E mm-camera-CORE: aec_set_fd_roi: invalid CPP width and height (0, 0)!
09-26 10:09:02.050   336 23382 E mm-camera: isp_streamoff: E, session_id = 2, stream_id = 2, active_count = 0
09-26 10:09:02.050   336 23370 E mm-camera: isp_proc_streamoff: E,session_id = 2, stream_id= 2, stream_type= 1 meta 0
09-26 10:09:02.050   336 23382 E mm-camera: isp_streamoff: X, session_id = 2, rc = 0
09-26 10:09:02.050   336 23382 E mm-camera: port_isp_mct_ctrl_cmd: X, identity = 0x20002, STREAMOFF, ret = 0
09-26 10:09:02.050   336 23382 E mm-camera-sensor: module_sensor_module_process_event: Sending stop bus message
09-26 10:09:02.059 23329 23342 E BufferQueueProducer: [SurfaceTexture-1-23329-1] cancelBuffer: BufferQueue has been abandoned
09-26 10:09:02.059   299 23353 D QCameraHWI_Mem: cancel_buffer: hdl =0xb8c332c0
09-26 10:09:02.059   299 23353 D QCameraHWI_Mem: put buffer 0 successfully
09-26 10:09:02.060 23329 23341 E BufferQueueProducer: [SurfaceTexture-1-23329-1] cancelBuffer: BufferQueue has been abandoned
09-26 10:09:02.060   299 23353 D QCameraHWI_Mem: cancel_buffer: hdl =0xb8c33538
09-26 10:09:02.060   299 23353 D QCameraHWI_Mem: put buffer 1 successfully
09-26 10:09:02.060 23329 23342 E BufferQueueProducer: [SurfaceTexture-1-23329-1] cancelBuffer: BufferQueue has been abandoned
09-26 10:09:02.060   299 23353 D QCameraHWI_Mem: cancel_buffer: hdl =0xb8c337b0
09-26 10:09:02.060   299 23353 D QCameraHWI_Mem: put buffer 2 successfully
09-26 10:09:02.060 23329 23341 E BufferQueueProducer: [SurfaceTexture-1-23329-1] cancelBuffer: BufferQueue has been abandoned
09-26 10:09:02.060   299 23353 D QCameraHWI_Mem: cancel_buffer: hdl =0xb8c33a50
09-26 10:09:02.060   299 23353 D QCameraHWI_Mem: put buffer 3 successfully
09-26 10:09:02.060 23329 23342 E BufferQueueProducer: [SurfaceTexture-1-23329-1] cancelBuffer: BufferQueue has been abandoned
09-26 10:09:02.060   299 23353 D QCameraHWI_Mem: cancel_buffer: hdl =0xb8c33ca0
09-26 10:09:02.060   299 23353 D QCameraHWI_Mem: put buffer 4 successfully
09-26 10:09:02.060   299 23353 D QCameraHWI_Mem: put buffer 5 successfully
09-26 10:09:02.061 23329 23341 E BufferQueueProducer: [SurfaceTexture-1-23329-1] cancelBuffer: BufferQueue has been abandoned
09-26 10:09:02.061   299 23353 D QCameraHWI_Mem: cancel_buffer: hdl =0xb8c33df0
09-26 10:09:02.061   299 23353 D QCameraHWI_Mem: put buffer 6 successfully
09-26 10:09:02.061 23329 23342 E BufferQueueProducer: [SurfaceTexture-1-23329-1] cancelBuffer: BufferQueue has been abandoned
09-26 10:09:02.061   299 23353 D QCameraHWI_Mem: cancel_buffer: hdl =0xb8c810c0
09-26 10:09:02.061   299 23353 D QCameraHWI_Mem: put buffer 7 successfully
09-26 10:09:02.061 23329 23341 E BufferQueueProducer: [SurfaceTexture-1-23329-1] cancelBuffer: BufferQueue has been abandoned
09-26 10:09:02.061   299 23353 D QCameraHWI_Mem: cancel_buffer: hdl =0xb8c33188
09-26 10:09:02.061   299 23353 D QCameraHWI_Mem: put buffer 8 successfully
09-26 10:09:02.062 23329 23342 E BufferQueueProducer: [SurfaceTexture-1-23329-1] cancelBuffer: BufferQueue has been abandoned
09-26 10:09:02.062   299 23353 D QCameraHWI_Mem: cancel_buffer: hdl =0xb8c4ead8
09-26 10:09:02.062   299 23353 D QCameraHWI_Mem: put buffer 9 successfully
09-26 10:09:02.062   299 23353 D QCameraHWI_Mem: put buffer 10 successfully
09-26 10:09:02.062 23329 23341 E BufferQueueProducer: [SurfaceTexture-1-23329-1] cancelBuffer: BufferQueue has been abandoned
09-26 10:09:02.062   299 23353 D QCameraHWI_Mem: cancel_buffer: hdl =0xb8c4efc8
09-26 10:09:02.062   299 23353 D QCameraHWI_Mem: put buffer 11 successfully
09-26 10:09:02.068   336 23382 E mm-camera: module_afs_port_check_caps_unreserve:1495] 
09-26 10:09:02.068   336 23382 E mm-camera: module_afs_port_check_caps_unreserve:1503] destroy client
09-26 10:09:02.068   336 23382 D mm-camera: c2d_port_check_caps_unreserve:179, identity=0x20002, unreserved
09-26 10:09:02.071   336 23382 D mm-camera: c2d_port_check_caps_unreserve:179, identity=0x20002, unreserved
09-26 10:09:02.073   336 23382 E mm-camera-img: faceproc_save_album:795] Error No album 
09-26 10:09:02.073   336 23382 E mm-camera-img: faceproc_comp_eng_destroy: Album save failed -1
09-26 10:09:02.073   336 23382 D SensorListener: void android::SensorListener::disableSensor(android::SensorListener::sensor_type_t): SensorEventQueue disableSensor(TYPE_DISPLAY_ROTATE)
09-26 10:09:02.076   336 23382 E mm-camera: q3a_thread_aecawb_stop:384 MSG_STOP_THREAD
09-26 10:09:02.076   336 23382 E mm-camera: q3a_thread_af_stop:574 MSG_STOP_THREAD
09-26 10:09:02.077   336 23423 E mm-camera: is_thread_handler: Exiting IS thread handler
09-26 10:09:02.077   299 23353 D QCamera2HWI: int qcamera::QCamera2HardwareInterface::stopPreview(bool): CameraKpiTag: PREVIEW_STOP_TIME : 40
09-26 10:09:02.077   299 23353 D QCamera2HWI: int qcamera::QCamera2HardwareInterface::stopPreview(bool): X
09-26 10:09:02.077   299 25399 D QCamera2HWI: [KPI Perf] static void qcamera::QCamera2HardwareInterface::stop_preview(camera_device*): X
09-26 10:09:02.077   299 25399 I QCameraHalWatchdog: Stopped Watchdog Thread...
09-26 10:09:02.077   299 25399 I QCameraHalWatchdog: Starting Watchdog Thread...
09-26 10:09:02.077   299 25399 D QCamera2HWI: [KPI Perf] static int qcamera::QCamera2HardwareInterface::cancel_picture(camera_device*): E PROFILE_CANCEL_PICTURE
09-26 10:09:02.077   299 23353 D QCameraStateMachine: int32_t qcamera::QCameraStateMachine::procEvtPreviewStoppedState(qcamera::qcamera_sm_evt_enum_t, void*): No ops for evt(20) in state(0)
09-26 10:09:02.077   299 25399 D QCamera2HWI: [KPI Perf] static int qcamera::QCamera2HardwareInterface::cancel_picture(camera_device*): X
09-26 10:09:02.078   299 25399 I QCameraHalWatchdog: Stopped Watchdog Thread...
09-26 10:09:02.078   299 25399 I QCameraHalWatchdog: Starting Watchdog Thread...
09-26 10:09:02.079   299 25399 I QCameraHalWatchdog: Stopped Watchdog Thread...
09-26 10:09:02.082  2523  2537 I ActivityManager: Start proc 23458:com.google.process.gapps/u0a20 for content provider com.google.android.gsf/.gservices.GservicesProvider
09-26 10:09:02.084   299 25399 I QCameraHalWatchdog: Starting Watchdog Thread...
09-26 10:09:02.086   299 25399 I QCameraHalWatchdog: Stopped Watchdog Thread...
09-26 10:09:02.088   299 25399 I CameraFlashlight: Destroying camera 0
09-26 10:09:02.088   299 25399 I QCameraHalWatchdog: Starting Watchdog Thread...
09-26 10:09:02.088   299 25399 D QCamera2HWI: [KPI Perf] static int qcamera::QCamera2HardwareInterface::close_camera_device(hw_device_t*): E
09-26 10:09:02.088   299 25399 D QCamera2HWI: virtual qcamera::QCamera2HardwareInterface::~QCamera2HardwareInterface(): E
09-26 10:09:02.088   299 23355 D QCamera2HWI: static void* qcamera::QCamera2HardwareInterface::defferedWorkRoutine(void*): stop data proc
09-26 10:09:02.089   299 25399 D QCamera2HWI: int qcamera::QCamera2HardwareInterface::closeCamera(): E
09-26 10:09:02.097   336 23382 E mm-camera: cpp_hardware_process_streamoff:649: failed
09-26 10:09:02.097   336 23382 E mm-camera: cpp_module_handle_streamoff_event:2296: hw streamoff failed
09-26 10:09:02.102   299 25399 E qomx_image_core: OMX_Deinit:119] Complete
09-26 10:09:02.106   299 25399 E QCameraPostProc: int32_t qcamera::QCameraPostProcessor::deinit(): Jpeg closed, rc = 0, mJpegClientHandle = 1c00
09-26 10:09:02.107   311   537 I ThermalEngine: Thermal-Server: removing client on fd 39
09-26 10:09:02.107   299 25399 I Thermal-Lib: Thermal-Lib-Client: Unregisteration is successfull for handle:1
09-26 10:09:02.109   299 25399 D QCamera2HWI: int qcamera::QCamera2HardwareInterface::closeCamera(): X
09-26 10:09:02.109   299 25399 D QCamera2HWI: virtual qcamera::QCamera2HardwareInterface::~QCamera2HardwareInterface(): X
